// Jest Snapshot v1, https://jestjs.io/docs/snapshot-testing

exports[`renderer/components/filters/FilterSection.tsx should be able to toggle filter value - none already set 1`] = `
<div
  class="css-5fz2td"
>
  <label
    class="_11c82smr _1e0c11p5 _1ejihkll _umai184x _syazovqm _80om73ad _zulp1nu5 _yv0ey09t _h5e31kd8 _1nzs1kc0 _1esz1j4g _yp0j1ehr _ay2w1ouc _d51u12ci _phftddza _1g1fe69j _l6wk1j4g _1dik1ehr _1sfg1380 _fpdj1ouc _1yjc3zdg _oaj1ddza _1j3h1380 _eawbxz7c _1rdaeh7q _18q0snw8 _13hr1j28"
    style="--_5xk3r4: var(--ds-text, #091E42); --_1ynhf1h: var(--ds-text-disabled, #97A0AF); --_4mkb4g: var(--ds-background-input, #FAFBFC); --_1cd0fcx: var(--ds-background-input-pressed, #DEEBFF); --_1gcp7nr: var(--ds-background-selected-bold, #0052CC); --_14y1fod: var(--ds-background-selected-bold-hovered, #0065FF); --_r5pknd: var(--ds-background-disabled, #F4F5F7); --_1z08gfx: var(--ds-background-input-hovered, #EBECF0); --_vnm8xo: var(--ds-border-input, #7A869A); --_rczcge: var(--ds-border, #DEEBFF); --_1i4xulb: var(--ds-border-danger, #FF5630); --_xjqa3d: var(--ds-border-focused, #2684FF); --_uq1ko9: var(--ds-icon-inverse, #0052CC); --_jf353p: var(--ds-icon-inverse, #FAFBFC); --_1xmcmw9: var(--ds-icon-disabled, #A5ADBA);"
  >
    <input
      aria-label="Mention"
      class="_19itglyw _nd5lfibj _12ji1r31 _1qu2glyw _12y31o36 _1bsb1osq _4t3i1osq _r06hglyw _6rthze3t _1pfhze3t _12l2ze3t _ahbqze3t _tzy4idpf _r050fibj _9bg71mn3 _19op11so _a30fhteq _1610e4h9 _13wo93zu _q5a61gyf _8gq114p8 _wje2mov0 _1fo21cni _eyedglyw _1ef78r4n _1h6r8r4n _smzg1nfn _1dk71nfn _l71j1i6y _t34a1i6y _y32gkivo _1ah9199y _1frj180l _h78e1g3k _dwvb1ps2 _1bok170n _1mhr17cl _fx2i3rva _10oaq2ws _w12s155b _15y61vek _e6ww155b _sg1j1vek _rphw18jz _y9y9mz2b _141bmz2b _255gmz2b _jj67mz2b _swhgmz2b _axq81diq _1jiz1diq _s9051diq _1efy1diq _1oav1diq _10y313gf _1wt913gf _qq8613gf _1adw13gf _12sr13gf _16jiglyw _693jglyw _1niqglyw _cl9tglyw _1jbnglyw _j1ta1hou _18qu1ps2 _1g52170n _1log17cl _32hzmz2b _1vv91diq _yjhd1hou _w1cowc43 _jdqn1onz _4y4t1onz _lvfrwc43 _g68dwc43 _13dk1onz _w1el1onz _a9yw1onz _1l3g1onz _dcdpgir2 _wobcgir2 _rp9wgir2 _9ebfwc43 _e43iwc43 _1tkuwc43 _1lehwc43 _b9q3wc43 _tu2918qt _1uxv18qt _1ufw18qt _opo918qt _1e8318qt _1k3d18qt _25yv18qt _1igz18qt _c7cc18qt _1swg18qt"
      tabindex="0"
      type="checkbox"
    />
    <svg
      class="_1reo15vq _18m915vq _lswuvuon _lcxvglyw _vc881r31 _1bsb1tcg _4t3i1tcg"
      role="presentation"
      style="color: var(--checkbox-background-color); fill: var(--checkbox-tick-color);"
      viewBox="0 0 24 24"
    >
      <g
        fill-rule="evenodd"
      >
        <rect
          fill="currentColor"
          height="12"
          rx="2"
          width="12"
          x="6"
          y="6"
        />
      </g>
    </svg>
    <span
      class="_nd5l11ig _1wpz1h6o"
    >
      Mention
    </span>
  </label>
  <span
    class="_1e0c116y _vchhusvi _4cvr1h6o _1bah1h6o _1wybidpf _bfhk1v33 _syaz16ni _1bsb7vkz _4t3i7vkz _2rko12b0"
  >
    <span
      aria-hidden="true"
      class="_1e0c1o8l _vchhusvi _1o9zidpf _vwz4kb7n _y4ti1igz _bozg1mb9 _12va1onz _jcxd1r8n _1bsb1kw7 _4t3i1kw7"
      style="color: currentcolor;"
    >
      <svg
        class="_1reo15vq _18m915vq _syaz1r31 _lcxvglyw _s7n4yfq0 _vc881r31 _1bsb1kw7 _4t3i1kw7"
        fill="none"
        role="presentation"
        viewBox="-4 -4 24 24"
      >
        <path
          clip-rule="evenodd"
          d="M8 1.5a6.5 6.5 0 1 0 3.25 12.13l.75 1.3A8 8 0 1 1 16 8c0 .842-.28 1.775-.817 2.513-.547.751-1.401 1.344-2.522 1.344-.577 0-1.07-.177-1.462-.507a2.5 2.5 0 0 1-.66-.908C9.387 11.776 7.529 12.346 6 11.464 4.229 10.441 3.926 8.057 4.969 6.25S8.229 3.513 10 4.536c1.12.647 1.66 1.87 1.633 3.105l-.005.13c0 .687.038 1.397.226 1.923.091.255.201.415.313.51.098.083.242.153.494.153.536 0 .976-.27 1.31-.727.342-.47.529-1.091.529-1.63A6.5 6.5 0 0 0 8 1.5m2.133 6.102c.015-.798-.328-1.447-.883-1.767C8.39 5.339 7.02 5.698 6.268 7s-.377 2.67.482 3.165c.86.496 2.23.137 2.982-1.165.244-.422.37-.866.397-1.287z"
          fill="currentcolor"
          fill-rule="evenodd"
        />
      </svg>
    </span>
  </span>
  <span
    class="_2rko1mok _18zr12x7 _1e0c116y _1o9zidpf _1kz6184x _bfhklecj"
  >
    <span
      class="css-42o6f5"
    >
      0
    </span>
  </span>
</div>
`;

exports[`renderer/components/filters/FilterSection.tsx should be able to toggle filter value - some filters already set 1`] = `
<div
  class="css-5fz2td"
>
  <label
    class="_11c82smr _1e0c11p5 _1ejihkll _umai184x _syazovqm _80om73ad _zulp1nu5 _yv0ey09t _h5e31kd8 _1nzs1kc0 _1esz1j4g _yp0j1ehr _ay2w1ouc _d51u12ci _phftddza _1g1fe69j _l6wk1j4g _1dik1ehr _1sfg1380 _fpdj1ouc _1yjc3zdg _oaj1ddza _1j3h1380 _eawbxz7c _1rdaeh7q _18q0snw8 _13hr1j28"
    style="--_5xk3r4: var(--ds-text, #091E42); --_1ynhf1h: var(--ds-text-disabled, #97A0AF); --_4mkb4g: var(--ds-background-input, #FAFBFC); --_1cd0fcx: var(--ds-background-input-pressed, #DEEBFF); --_1gcp7nr: var(--ds-background-selected-bold, #0052CC); --_14y1fod: var(--ds-background-selected-bold-hovered, #0065FF); --_r5pknd: var(--ds-background-disabled, #F4F5F7); --_1z08gfx: var(--ds-background-input-hovered, #EBECF0); --_vnm8xo: var(--ds-border-input, #7A869A); --_rczcge: var(--ds-border, #DEEBFF); --_1i4xulb: var(--ds-border-danger, #FF5630); --_xjqa3d: var(--ds-border-focused, #2684FF); --_uq1ko9: var(--ds-icon-inverse, #0052CC); --_jf353p: var(--ds-icon-inverse, #FAFBFC); --_1xmcmw9: var(--ds-icon-disabled, #A5ADBA);"
  >
    <input
      aria-label="Comment"
      class="_19itglyw _nd5lfibj _12ji1r31 _1qu2glyw _12y31o36 _1bsb1osq _4t3i1osq _r06hglyw _6rthze3t _1pfhze3t _12l2ze3t _ahbqze3t _tzy4idpf _r050fibj _9bg71mn3 _19op11so _a30fhteq _1610e4h9 _13wo93zu _q5a61gyf _8gq114p8 _wje2mov0 _1fo21cni _eyedglyw _1ef78r4n _1h6r8r4n _smzg1nfn _1dk71nfn _l71j1i6y _t34a1i6y _y32gkivo _1ah9199y _1frj180l _h78e1g3k _dwvb1ps2 _1bok170n _1mhr17cl _fx2i3rva _10oaq2ws _w12s155b _15y61vek _e6ww155b _sg1j1vek _rphw18jz _y9y9mz2b _141bmz2b _255gmz2b _jj67mz2b _swhgmz2b _axq81diq _1jiz1diq _s9051diq _1efy1diq _1oav1diq _10y313gf _1wt913gf _qq8613gf _1adw13gf _12sr13gf _16jiglyw _693jglyw _1niqglyw _cl9tglyw _1jbnglyw _j1ta1hou _18qu1ps2 _1g52170n _1log17cl _32hzmz2b _1vv91diq _yjhd1hou _w1cowc43 _jdqn1onz _4y4t1onz _lvfrwc43 _g68dwc43 _13dk1onz _w1el1onz _a9yw1onz _1l3g1onz _dcdpgir2 _wobcgir2 _rp9wgir2 _9ebfwc43 _e43iwc43 _1tkuwc43 _1lehwc43 _b9q3wc43 _tu2918qt _1uxv18qt _1ufw18qt _opo918qt _1e8318qt _1k3d18qt _25yv18qt _1igz18qt _c7cc18qt _1swg18qt"
      tabindex="0"
      type="checkbox"
    />
    <svg
      class="_1reo15vq _18m915vq _lswuvuon _lcxvglyw _vc881r31 _1bsb1tcg _4t3i1tcg"
      role="presentation"
      style="color: var(--checkbox-background-color); fill: var(--checkbox-tick-color);"
      viewBox="0 0 24 24"
    >
      <g
        fill-rule="evenodd"
      >
        <rect
          fill="currentColor"
          height="12"
          rx="2"
          width="12"
          x="6"
          y="6"
        />
      </g>
    </svg>
    <span
      class="_nd5l11ig _1wpz1h6o"
    >
      Comment
    </span>
  </label>
  <span
    class="_1e0c116y _vchhusvi _4cvr1h6o _1bah1h6o _1wybidpf _bfhk1v33 _syaz16ni _1bsb7vkz _4t3i7vkz _2rko12b0"
  >
    <span
      aria-hidden="true"
      class="_1e0c1o8l _vchhusvi _1o9zidpf _vwz4kb7n _y4ti1igz _bozg1mb9 _12va1onz _jcxd1r8n _1bsb1kw7 _4t3i1kw7"
      style="color: currentcolor;"
    >
      <svg
        class="_1reo15vq _18m915vq _syaz1r31 _lcxvglyw _s7n4yfq0 _vc881r31 _1bsb1kw7 _4t3i1kw7"
        fill="none"
        role="presentation"
        viewBox="-4 -4 24 24"
      >
        <path
          clip-rule="evenodd"
          d="M0 3.125A2.625 2.625 0 0 1 2.625.5h10.75A2.625 2.625 0 0 1 16 3.125v8.25A2.625 2.625 0 0 1 13.375 14H4.449l-3.327 1.901A.75.75 0 0 1 0 15.25zM2.625 2C2.004 2 1.5 2.504 1.5 3.125v10.833L4.05 12.5h9.325c.621 0 1.125-.504 1.125-1.125v-8.25C14.5 2.504 13.996 2 13.375 2zM12 6.5H4V5h8zm-3 3H4V8h5z"
          fill="currentcolor"
          fill-rule="evenodd"
        />
      </svg>
    </span>
  </span>
  <span
    class="_2rko1mok _18zr12x7 _1e0c116y _1o9zidpf _1kz6184x _bfhklecj"
  >
    <span
      class="css-42o6f5"
    >
      0
    </span>
  </span>
</div>
`;

exports[`renderer/components/filters/FilterSection.tsx should render itself & its children 1`] = `
{
  "asFragment": [Function],
  "baseElement": <body>
    <div>
      <div
        class="css-1rn971c"
      >
        <h4
          class="_1mouidpf _1dyz4jg8 _1p1dglyw _11c8nbxd _syaz1fxt"
        >
          FilterSectionTitle
        </h4>
        <div
          class="css-k5cxwk"
        >
          <div
            class="css-5fz2td"
          >
            <label
              class="_11c82smr _1e0c11p5 _1ejihkll _umai184x _syazovqm _80om73ad _zulp1nu5 _yv0ey09t _h5e31kd8 _1nzs1kc0 _1esz1j4g _yp0j1ehr _ay2w1ouc _d51u12ci _phftddza _1g1fe69j _l6wk1j4g _1dik1ehr _1sfg1380 _fpdj1ouc _1yjc3zdg _oaj1ddza _1j3h1380 _eawbxz7c _1rdaeh7q _18q0snw8 _13hr1j28"
              style="--_5xk3r4: var(--ds-text, #091E42); --_1ynhf1h: var(--ds-text-disabled, #97A0AF); --_4mkb4g: var(--ds-background-input, #FAFBFC); --_1cd0fcx: var(--ds-background-input-pressed, #DEEBFF); --_1gcp7nr: var(--ds-background-selected-bold, #0052CC); --_14y1fod: var(--ds-background-selected-bold-hovered, #0065FF); --_r5pknd: var(--ds-background-disabled, #F4F5F7); --_1z08gfx: var(--ds-background-input-hovered, #EBECF0); --_vnm8xo: var(--ds-border-input, #7A869A); --_rczcge: var(--ds-border, #DEEBFF); --_1i4xulb: var(--ds-border-danger, #FF5630); --_xjqa3d: var(--ds-border-focused, #2684FF); --_uq1ko9: var(--ds-icon-inverse, #0052CC); --_jf353p: var(--ds-icon-inverse, #FAFBFC); --_1xmcmw9: var(--ds-icon-disabled, #A5ADBA);"
            >
              <input
                aria-label="Mention"
                class="_19itglyw _nd5lfibj _12ji1r31 _1qu2glyw _12y31o36 _1bsb1osq _4t3i1osq _r06hglyw _6rthze3t _1pfhze3t _12l2ze3t _ahbqze3t _tzy4idpf _r050fibj _9bg71mn3 _19op11so _a30fhteq _1610e4h9 _13wo93zu _q5a61gyf _8gq114p8 _wje2mov0 _1fo21cni _eyedglyw _1ef78r4n _1h6r8r4n _smzg1nfn _1dk71nfn _l71j1i6y _t34a1i6y _y32gkivo _1ah9199y _1frj180l _h78e1g3k _dwvb1ps2 _1bok170n _1mhr17cl _fx2i3rva _10oaq2ws _w12s155b _15y61vek _e6ww155b _sg1j1vek _rphw18jz _y9y9mz2b _141bmz2b _255gmz2b _jj67mz2b _swhgmz2b _axq81diq _1jiz1diq _s9051diq _1efy1diq _1oav1diq _10y313gf _1wt913gf _qq8613gf _1adw13gf _12sr13gf _16jiglyw _693jglyw _1niqglyw _cl9tglyw _1jbnglyw _j1ta1hou _18qu1ps2 _1g52170n _1log17cl _32hzmz2b _1vv91diq _yjhd1hou _w1cowc43 _jdqn1onz _4y4t1onz _lvfrwc43 _g68dwc43 _13dk1onz _w1el1onz _a9yw1onz _1l3g1onz _dcdpgir2 _wobcgir2 _rp9wgir2 _9ebfwc43 _e43iwc43 _1tkuwc43 _1lehwc43 _b9q3wc43 _tu2918qt _1uxv18qt _1ufw18qt _opo918qt _1e8318qt _1k3d18qt _25yv18qt _1igz18qt _c7cc18qt _1swg18qt"
                tabindex="0"
                type="checkbox"
              />
              <svg
                class="_1reo15vq _18m915vq _lswuvuon _lcxvglyw _vc881r31 _1bsb1tcg _4t3i1tcg"
                role="presentation"
                style="color: var(--checkbox-background-color); fill: var(--checkbox-tick-color);"
                viewBox="0 0 24 24"
              >
                <g
                  fill-rule="evenodd"
                >
                  <rect
                    fill="currentColor"
                    height="12"
                    rx="2"
                    width="12"
                    x="6"
                    y="6"
                  />
                </g>
              </svg>
              <span
                class="_nd5l11ig _1wpz1h6o"
              >
                Mention
              </span>
            </label>
            <span
              class="_1e0c116y _vchhusvi _4cvr1h6o _1bah1h6o _1wybidpf _bfhk1v33 _syaz16ni _1bsb7vkz _4t3i7vkz _2rko12b0"
            >
              <span
                aria-hidden="true"
                class="_1e0c1o8l _vchhusvi _1o9zidpf _vwz4kb7n _y4ti1igz _bozg1mb9 _12va1onz _jcxd1r8n _1bsb1kw7 _4t3i1kw7"
                style="color: currentcolor;"
              >
                <svg
                  class="_1reo15vq _18m915vq _syaz1r31 _lcxvglyw _s7n4yfq0 _vc881r31 _1bsb1kw7 _4t3i1kw7"
                  fill="none"
                  role="presentation"
                  viewBox="-4 -4 24 24"
                >
                  <path
                    clip-rule="evenodd"
                    d="M8 1.5a6.5 6.5 0 1 0 3.25 12.13l.75 1.3A8 8 0 1 1 16 8c0 .842-.28 1.775-.817 2.513-.547.751-1.401 1.344-2.522 1.344-.577 0-1.07-.177-1.462-.507a2.5 2.5 0 0 1-.66-.908C9.387 11.776 7.529 12.346 6 11.464 4.229 10.441 3.926 8.057 4.969 6.25S8.229 3.513 10 4.536c1.12.647 1.66 1.87 1.633 3.105l-.005.13c0 .687.038 1.397.226 1.923.091.255.201.415.313.51.098.083.242.153.494.153.536 0 .976-.27 1.31-.727.342-.47.529-1.091.529-1.63A6.5 6.5 0 0 0 8 1.5m2.133 6.102c.015-.798-.328-1.447-.883-1.767C8.39 5.339 7.02 5.698 6.268 7s-.377 2.67.482 3.165c.86.496 2.23.137 2.982-1.165.244-.422.37-.866.397-1.287z"
                    fill="currentcolor"
                    fill-rule="evenodd"
                  />
                </svg>
              </span>
            </span>
            <span
              class="_2rko1mok _18zr12x7 _1e0c116y _1o9zidpf _1kz6184x _bfhklecj"
            >
              <span
                class="css-42o6f5"
              >
                0
              </span>
            </span>
          </div>
          <div
            class="css-5fz2td"
          >
            <label
              class="_11c82smr _1e0c11p5 _1ejihkll _umai184x _syazovqm _80om73ad _zulp1nu5 _yv0ey09t _h5e31kd8 _1nzs1kc0 _1esz1j4g _yp0j1ehr _ay2w1ouc _d51u12ci _phftddza _1g1fe69j _l6wk1j4g _1dik1ehr _1sfg1380 _fpdj1ouc _1yjc3zdg _oaj1ddza _1j3h1380 _eawbxz7c _1rdaeh7q _18q0snw8 _13hr1j28"
              style="--_5xk3r4: var(--ds-text, #091E42); --_1ynhf1h: var(--ds-text-disabled, #97A0AF); --_4mkb4g: var(--ds-background-input, #FAFBFC); --_1cd0fcx: var(--ds-background-input-pressed, #DEEBFF); --_1gcp7nr: var(--ds-background-selected-bold, #0052CC); --_14y1fod: var(--ds-background-selected-bold-hovered, #0065FF); --_r5pknd: var(--ds-background-disabled, #F4F5F7); --_1z08gfx: var(--ds-background-input-hovered, #EBECF0); --_vnm8xo: var(--ds-border-input, #7A869A); --_rczcge: var(--ds-border, #DEEBFF); --_1i4xulb: var(--ds-border-danger, #FF5630); --_xjqa3d: var(--ds-border-focused, #2684FF); --_uq1ko9: var(--ds-icon-inverse, #0052CC); --_jf353p: var(--ds-icon-inverse, #FAFBFC); --_1xmcmw9: var(--ds-icon-disabled, #A5ADBA);"
            >
              <input
                aria-label="Comment"
                class="_19itglyw _nd5lfibj _12ji1r31 _1qu2glyw _12y31o36 _1bsb1osq _4t3i1osq _r06hglyw _6rthze3t _1pfhze3t _12l2ze3t _ahbqze3t _tzy4idpf _r050fibj _9bg71mn3 _19op11so _a30fhteq _1610e4h9 _13wo93zu _q5a61gyf _8gq114p8 _wje2mov0 _1fo21cni _eyedglyw _1ef78r4n _1h6r8r4n _smzg1nfn _1dk71nfn _l71j1i6y _t34a1i6y _y32gkivo _1ah9199y _1frj180l _h78e1g3k _dwvb1ps2 _1bok170n _1mhr17cl _fx2i3rva _10oaq2ws _w12s155b _15y61vek _e6ww155b _sg1j1vek _rphw18jz _y9y9mz2b _141bmz2b _255gmz2b _jj67mz2b _swhgmz2b _axq81diq _1jiz1diq _s9051diq _1efy1diq _1oav1diq _10y313gf _1wt913gf _qq8613gf _1adw13gf _12sr13gf _16jiglyw _693jglyw _1niqglyw _cl9tglyw _1jbnglyw _j1ta1hou _18qu1ps2 _1g52170n _1log17cl _32hzmz2b _1vv91diq _yjhd1hou _w1cowc43 _jdqn1onz _4y4t1onz _lvfrwc43 _g68dwc43 _13dk1onz _w1el1onz _a9yw1onz _1l3g1onz _dcdpgir2 _wobcgir2 _rp9wgir2 _9ebfwc43 _e43iwc43 _1tkuwc43 _1lehwc43 _b9q3wc43 _tu2918qt _1uxv18qt _1ufw18qt _opo918qt _1e8318qt _1k3d18qt _25yv18qt _1igz18qt _c7cc18qt _1swg18qt"
                tabindex="0"
                type="checkbox"
              />
              <svg
                class="_1reo15vq _18m915vq _lswuvuon _lcxvglyw _vc881r31 _1bsb1tcg _4t3i1tcg"
                role="presentation"
                style="color: var(--checkbox-background-color); fill: var(--checkbox-tick-color);"
                viewBox="0 0 24 24"
              >
                <g
                  fill-rule="evenodd"
                >
                  <rect
                    fill="currentColor"
                    height="12"
                    rx="2"
                    width="12"
                    x="6"
                    y="6"
                  />
                </g>
              </svg>
              <span
                class="_nd5l11ig _1wpz1h6o"
              >
                Comment
              </span>
            </label>
            <span
              class="_1e0c116y _vchhusvi _4cvr1h6o _1bah1h6o _1wybidpf _bfhk1v33 _syaz16ni _1bsb7vkz _4t3i7vkz _2rko12b0"
            >
              <span
                aria-hidden="true"
                class="_1e0c1o8l _vchhusvi _1o9zidpf _vwz4kb7n _y4ti1igz _bozg1mb9 _12va1onz _jcxd1r8n _1bsb1kw7 _4t3i1kw7"
                style="color: currentcolor;"
              >
                <svg
                  class="_1reo15vq _18m915vq _syaz1r31 _lcxvglyw _s7n4yfq0 _vc881r31 _1bsb1kw7 _4t3i1kw7"
                  fill="none"
                  role="presentation"
                  viewBox="-4 -4 24 24"
                >
                  <path
                    clip-rule="evenodd"
                    d="M0 3.125A2.625 2.625 0 0 1 2.625.5h10.75A2.625 2.625 0 0 1 16 3.125v8.25A2.625 2.625 0 0 1 13.375 14H4.449l-3.327 1.901A.75.75 0 0 1 0 15.25zM2.625 2C2.004 2 1.5 2.504 1.5 3.125v10.833L4.05 12.5h9.325c.621 0 1.125-.504 1.125-1.125v-8.25C14.5 2.504 13.996 2 13.375 2zM12 6.5H4V5h8zm-3 3H4V8h5z"
                    fill="currentcolor"
                    fill-rule="evenodd"
                  />
                </svg>
              </span>
            </span>
            <span
              class="_2rko1mok _18zr12x7 _1e0c116y _1o9zidpf _1kz6184x _bfhklecj"
            >
              <span
                class="css-42o6f5"
              >
                0
              </span>
            </span>
          </div>
        </div>
      </div>
    </div>
  </body>,
  "container": <div>
    <div
      class="css-1rn971c"
    >
      <h4
        class="_1mouidpf _1dyz4jg8 _1p1dglyw _11c8nbxd _syaz1fxt"
      >
        FilterSectionTitle
      </h4>
      <div
        class="css-k5cxwk"
      >
        <div
          class="css-5fz2td"
        >
          <label
            class="_11c82smr _1e0c11p5 _1ejihkll _umai184x _syazovqm _80om73ad _zulp1nu5 _yv0ey09t _h5e31kd8 _1nzs1kc0 _1esz1j4g _yp0j1ehr _ay2w1ouc _d51u12ci _phftddza _1g1fe69j _l6wk1j4g _1dik1ehr _1sfg1380 _fpdj1ouc _1yjc3zdg _oaj1ddza _1j3h1380 _eawbxz7c _1rdaeh7q _18q0snw8 _13hr1j28"
            style="--_5xk3r4: var(--ds-text, #091E42); --_1ynhf1h: var(--ds-text-disabled, #97A0AF); --_4mkb4g: var(--ds-background-input, #FAFBFC); --_1cd0fcx: var(--ds-background-input-pressed, #DEEBFF); --_1gcp7nr: var(--ds-background-selected-bold, #0052CC); --_14y1fod: var(--ds-background-selected-bold-hovered, #0065FF); --_r5pknd: var(--ds-background-disabled, #F4F5F7); --_1z08gfx: var(--ds-background-input-hovered, #EBECF0); --_vnm8xo: var(--ds-border-input, #7A869A); --_rczcge: var(--ds-border, #DEEBFF); --_1i4xulb: var(--ds-border-danger, #FF5630); --_xjqa3d: var(--ds-border-focused, #2684FF); --_uq1ko9: var(--ds-icon-inverse, #0052CC); --_jf353p: var(--ds-icon-inverse, #FAFBFC); --_1xmcmw9: var(--ds-icon-disabled, #A5ADBA);"
          >
            <input
              aria-label="Mention"
              class="_19itglyw _nd5lfibj _12ji1r31 _1qu2glyw _12y31o36 _1bsb1osq _4t3i1osq _r06hglyw _6rthze3t _1pfhze3t _12l2ze3t _ahbqze3t _tzy4idpf _r050fibj _9bg71mn3 _19op11so _a30fhteq _1610e4h9 _13wo93zu _q5a61gyf _8gq114p8 _wje2mov0 _1fo21cni _eyedglyw _1ef78r4n _1h6r8r4n _smzg1nfn _1dk71nfn _l71j1i6y _t34a1i6y _y32gkivo _1ah9199y _1frj180l _h78e1g3k _dwvb1ps2 _1bok170n _1mhr17cl _fx2i3rva _10oaq2ws _w12s155b _15y61vek _e6ww155b _sg1j1vek _rphw18jz _y9y9mz2b _141bmz2b _255gmz2b _jj67mz2b _swhgmz2b _axq81diq _1jiz1diq _s9051diq _1efy1diq _1oav1diq _10y313gf _1wt913gf _qq8613gf _1adw13gf _12sr13gf _16jiglyw _693jglyw _1niqglyw _cl9tglyw _1jbnglyw _j1ta1hou _18qu1ps2 _1g52170n _1log17cl _32hzmz2b _1vv91diq _yjhd1hou _w1cowc43 _jdqn1onz _4y4t1onz _lvfrwc43 _g68dwc43 _13dk1onz _w1el1onz _a9yw1onz _1l3g1onz _dcdpgir2 _wobcgir2 _rp9wgir2 _9ebfwc43 _e43iwc43 _1tkuwc43 _1lehwc43 _b9q3wc43 _tu2918qt _1uxv18qt _1ufw18qt _opo918qt _1e8318qt _1k3d18qt _25yv18qt _1igz18qt _c7cc18qt _1swg18qt"
              tabindex="0"
              type="checkbox"
            />
            <svg
              class="_1reo15vq _18m915vq _lswuvuon _lcxvglyw _vc881r31 _1bsb1tcg _4t3i1tcg"
              role="presentation"
              style="color: var(--checkbox-background-color); fill: var(--checkbox-tick-color);"
              viewBox="0 0 24 24"
            >
              <g
                fill-rule="evenodd"
              >
                <rect
                  fill="currentColor"
                  height="12"
                  rx="2"
                  width="12"
                  x="6"
                  y="6"
                />
              </g>
            </svg>
            <span
              class="_nd5l11ig _1wpz1h6o"
            >
              Mention
            </span>
          </label>
          <span
            class="_1e0c116y _vchhusvi _4cvr1h6o _1bah1h6o _1wybidpf _bfhk1v33 _syaz16ni _1bsb7vkz _4t3i7vkz _2rko12b0"
          >
            <span
              aria-hidden="true"
              class="_1e0c1o8l _vchhusvi _1o9zidpf _vwz4kb7n _y4ti1igz _bozg1mb9 _12va1onz _jcxd1r8n _1bsb1kw7 _4t3i1kw7"
              style="color: currentcolor;"
            >
              <svg
                class="_1reo15vq _18m915vq _syaz1r31 _lcxvglyw _s7n4yfq0 _vc881r31 _1bsb1kw7 _4t3i1kw7"
                fill="none"
                role="presentation"
                viewBox="-4 -4 24 24"
              >
                <path
                  clip-rule="evenodd"
                  d="M8 1.5a6.5 6.5 0 1 0 3.25 12.13l.75 1.3A8 8 0 1 1 16 8c0 .842-.28 1.775-.817 2.513-.547.751-1.401 1.344-2.522 1.344-.577 0-1.07-.177-1.462-.507a2.5 2.5 0 0 1-.66-.908C9.387 11.776 7.529 12.346 6 11.464 4.229 10.441 3.926 8.057 4.969 6.25S8.229 3.513 10 4.536c1.12.647 1.66 1.87 1.633 3.105l-.005.13c0 .687.038 1.397.226 1.923.091.255.201.415.313.51.098.083.242.153.494.153.536 0 .976-.27 1.31-.727.342-.47.529-1.091.529-1.63A6.5 6.5 0 0 0 8 1.5m2.133 6.102c.015-.798-.328-1.447-.883-1.767C8.39 5.339 7.02 5.698 6.268 7s-.377 2.67.482 3.165c.86.496 2.23.137 2.982-1.165.244-.422.37-.866.397-1.287z"
                  fill="currentcolor"
                  fill-rule="evenodd"
                />
              </svg>
            </span>
          </span>
          <span
            class="_2rko1mok _18zr12x7 _1e0c116y _1o9zidpf _1kz6184x _bfhklecj"
          >
            <span
              class="css-42o6f5"
            >
              0
            </span>
          </span>
        </div>
        <div
          class="css-5fz2td"
        >
          <label
            class="_11c82smr _1e0c11p5 _1ejihkll _umai184x _syazovqm _80om73ad _zulp1nu5 _yv0ey09t _h5e31kd8 _1nzs1kc0 _1esz1j4g _yp0j1ehr _ay2w1ouc _d51u12ci _phftddza _1g1fe69j _l6wk1j4g _1dik1ehr _1sfg1380 _fpdj1ouc _1yjc3zdg _oaj1ddza _1j3h1380 _eawbxz7c _1rdaeh7q _18q0snw8 _13hr1j28"
            style="--_5xk3r4: var(--ds-text, #091E42); --_1ynhf1h: var(--ds-text-disabled, #97A0AF); --_4mkb4g: var(--ds-background-input, #FAFBFC); --_1cd0fcx: var(--ds-background-input-pressed, #DEEBFF); --_1gcp7nr: var(--ds-background-selected-bold, #0052CC); --_14y1fod: var(--ds-background-selected-bold-hovered, #0065FF); --_r5pknd: var(--ds-background-disabled, #F4F5F7); --_1z08gfx: var(--ds-background-input-hovered, #EBECF0); --_vnm8xo: var(--ds-border-input, #7A869A); --_rczcge: var(--ds-border, #DEEBFF); --_1i4xulb: var(--ds-border-danger, #FF5630); --_xjqa3d: var(--ds-border-focused, #2684FF); --_uq1ko9: var(--ds-icon-inverse, #0052CC); --_jf353p: var(--ds-icon-inverse, #FAFBFC); --_1xmcmw9: var(--ds-icon-disabled, #A5ADBA);"
          >
            <input
              aria-label="Comment"
              class="_19itglyw _nd5lfibj _12ji1r31 _1qu2glyw _12y31o36 _1bsb1osq _4t3i1osq _r06hglyw _6rthze3t _1pfhze3t _12l2ze3t _ahbqze3t _tzy4idpf _r050fibj _9bg71mn3 _19op11so _a30fhteq _1610e4h9 _13wo93zu _q5a61gyf _8gq114p8 _wje2mov0 _1fo21cni _eyedglyw _1ef78r4n _1h6r8r4n _smzg1nfn _1dk71nfn _l71j1i6y _t34a1i6y _y32gkivo _1ah9199y _1frj180l _h78e1g3k _dwvb1ps2 _1bok170n _1mhr17cl _fx2i3rva _10oaq2ws _w12s155b _15y61vek _e6ww155b _sg1j1vek _rphw18jz _y9y9mz2b _141bmz2b _255gmz2b _jj67mz2b _swhgmz2b _axq81diq _1jiz1diq _s9051diq _1efy1diq _1oav1diq _10y313gf _1wt913gf _qq8613gf _1adw13gf _12sr13gf _16jiglyw _693jglyw _1niqglyw _cl9tglyw _1jbnglyw _j1ta1hou _18qu1ps2 _1g52170n _1log17cl _32hzmz2b _1vv91diq _yjhd1hou _w1cowc43 _jdqn1onz _4y4t1onz _lvfrwc43 _g68dwc43 _13dk1onz _w1el1onz _a9yw1onz _1l3g1onz _dcdpgir2 _wobcgir2 _rp9wgir2 _9ebfwc43 _e43iwc43 _1tkuwc43 _1lehwc43 _b9q3wc43 _tu2918qt _1uxv18qt _1ufw18qt _opo918qt _1e8318qt _1k3d18qt _25yv18qt _1igz18qt _c7cc18qt _1swg18qt"
              tabindex="0"
              type="checkbox"
            />
            <svg
              class="_1reo15vq _18m915vq _lswuvuon _lcxvglyw _vc881r31 _1bsb1tcg _4t3i1tcg"
              role="presentation"
              style="color: var(--checkbox-background-color); fill: var(--checkbox-tick-color);"
              viewBox="0 0 24 24"
            >
              <g
                fill-rule="evenodd"
              >
                <rect
                  fill="currentColor"
                  height="12"
                  rx="2"
                  width="12"
                  x="6"
                  y="6"
                />
              </g>
            </svg>
            <span
              class="_nd5l11ig _1wpz1h6o"
            >
              Comment
            </span>
          </label>
          <span
            class="_1e0c116y _vchhusvi _4cvr1h6o _1bah1h6o _1wybidpf _bfhk1v33 _syaz16ni _1bsb7vkz _4t3i7vkz _2rko12b0"
          >
            <span
              aria-hidden="true"
              class="_1e0c1o8l _vchhusvi _1o9zidpf _vwz4kb7n _y4ti1igz _bozg1mb9 _12va1onz _jcxd1r8n _1bsb1kw7 _4t3i1kw7"
              style="color: currentcolor;"
            >
              <svg
                class="_1reo15vq _18m915vq _syaz1r31 _lcxvglyw _s7n4yfq0 _vc881r31 _1bsb1kw7 _4t3i1kw7"
                fill="none"
                role="presentation"
                viewBox="-4 -4 24 24"
              >
                <path
                  clip-rule="evenodd"
                  d="M0 3.125A2.625 2.625 0 0 1 2.625.5h10.75A2.625 2.625 0 0 1 16 3.125v8.25A2.625 2.625 0 0 1 13.375 14H4.449l-3.327 1.901A.75.75 0 0 1 0 15.25zM2.625 2C2.004 2 1.5 2.504 1.5 3.125v10.833L4.05 12.5h9.325c.621 0 1.125-.504 1.125-1.125v-8.25C14.5 2.504 13.996 2 13.375 2zM12 6.5H4V5h8zm-3 3H4V8h5z"
                  fill="currentcolor"
                  fill-rule="evenodd"
                />
              </svg>
            </span>
          </span>
          <span
            class="_2rko1mok _18zr12x7 _1e0c116y _1o9zidpf _1kz6184x _bfhklecj"
          >
            <span
              class="css-42o6f5"
            >
              0
            </span>
          </span>
        </div>
      </div>
    </div>
  </div>,
  "debug": [Function],
  "findAllByAltText": [Function],
  "findAllByDisplayValue": [Function],
  "findAllByLabelText": [Function],
  "findAllByPlaceholderText": [Function],
  "findAllByRole": [Function],
  "findAllByTestId": [Function],
  "findAllByText": [Function],
  "findAllByTitle": [Function],
  "findByAltText": [Function],
  "findByDisplayValue": [Function],
  "findByLabelText": [Function],
  "findByPlaceholderText": [Function],
  "findByRole": [Function],
  "findByTestId": [Function],
  "findByText": [Function],
  "findByTitle": [Function],
  "getAllByAltText": [Function],
  "getAllByDisplayValue": [Function],
  "getAllByLabelText": [Function],
  "getAllByPlaceholderText": [Function],
  "getAllByRole": [Function],
  "getAllByTestId": [Function],
  "getAllByText": [Function],
  "getAllByTitle": [Function],
  "getByAltText": [Function],
  "getByDisplayValue": [Function],
  "getByLabelText": [Function],
  "getByPlaceholderText": [Function],
  "getByRole": [Function],
  "getByTestId": [Function],
  "getByText": [Function],
  "getByTitle": [Function],
  "queryAllByAltText": [Function],
  "queryAllByDisplayValue": [Function],
  "queryAllByLabelText": [Function],
  "queryAllByPlaceholderText": [Function],
  "queryAllByRole": [Function],
  "queryAllByTestId": [Function],
  "queryAllByText": [Function],
  "queryAllByTitle": [Function],
  "queryByAltText": [Function],
  "queryByDisplayValue": [Function],
  "queryByLabelText": [Function],
  "queryByPlaceholderText": [Function],
  "queryByRole": [Function],
  "queryByTestId": [Function],
  "queryByText": [Function],
  "queryByTitle": [Function],
  "rerender": [Function],
  "unmount": [Function],
}
`;
