// Jest Snapshot v1, https://goo.gl/fbAQLP

exports[`renderer/components/primitives/Header.tsx should render itself & its children 1`] = `
{
  "asFragment": [Function],
  "baseElement": <body>
    <div>
      <div
        class="css-18bes35"
      >
        <div
          class="css-y272c0"
        >
          <div
            role="presentation"
          >
            <button
              class="_mizu194a _1ah31bk5 _ra3xnqa1 _128m1bk5 _1cvmnqa1 _4davt94y _19itglyw _vchhusvi _r06hglyw _80omtlke _2rko14q2 _11c82smr _v5649dqc _189eidpf _1rjc12x7 _1e0c116y _1bsbviql _p12f1osq _kqswh2mm _4cvr1q9y _1bah1h6o _gy1p1b66 _1o9zidpf _4t3iviql _k48p1wq8 _y4tize3t _bozgze3t _y3gn1h6o _s7n4nkob _14mj1kw7 _9v7aze3t _1tv3nqa1 _39yqe4h9 _11fnglyw _18postnw _bfhkqtfy _syaz10s3 _105310s3 _f8pj10s3 _30l310s3 _9h8h10s3 _irr34mfv _1di619qy _4bfu1r31 _1hmsglyw _ajmmnqa1 _1a3b1r31 _4fprglyw _5goinqa1 _9oik1r31 _1bnxglyw _jf4cnqa1 _1nrm1r31 _c2waglyw _1iohnqa1"
              data-testid="header-nav-back"
              style="--_1203r2w: calc(0px - var(--ds-border-width-outline, 2px));"
              type="button"
            >
              <span
                class="_v564g17y _1e0c1txw _16jlidpf _1o9zidpf _1wpz1h6o _1wybidpf _vwz4idpf _uiztglyw"
              >
                <span
                  aria-hidden="true"
                  class="css-kxjlgc"
                  style="color: currentColor;"
                >
                  <svg
                    class="css-1t4wpzr"
                    fill="none"
                    role="presentation"
                    viewBox="0 0 16 16"
                  >
                    <path
                      clip-rule="evenodd"
                      d="m1.22 7.47 5-5 1.06 1.06-3.72 3.72H15v1.5H3.56l3.72 3.72-1.06 1.06-5-5a.75.75 0 0 1 0-1.06"
                      fill="currentcolor"
                      fill-rule="evenodd"
                    />
                  </svg>
                </span>
                <span
                  class="_ca0qidpf _u5f3idpf _n3tdidpf _19bvidpf _19itidpf _1reo15vq _18m915vq _1bsbt94y _4t3it94y _kqswstnw _ogto7mnp _o5721q9c"
                >
                  Go Back
                </span>
              </span>
            </button>
          </div>
          <h3
            class="_1mouidpf _1dyz4jg8 _1p1dglyw _11c8lodh _syaz1fxt"
          >
            Test Header
          </h3>
        </div>
      </div>
    </div>
  </body>,
  "container": <div>
    <div
      class="css-18bes35"
    >
      <div
        class="css-y272c0"
      >
        <div
          role="presentation"
        >
          <button
            class="_mizu194a _1ah31bk5 _ra3xnqa1 _128m1bk5 _1cvmnqa1 _4davt94y _19itglyw _vchhusvi _r06hglyw _80omtlke _2rko14q2 _11c82smr _v5649dqc _189eidpf _1rjc12x7 _1e0c116y _1bsbviql _p12f1osq _kqswh2mm _4cvr1q9y _1bah1h6o _gy1p1b66 _1o9zidpf _4t3iviql _k48p1wq8 _y4tize3t _bozgze3t _y3gn1h6o _s7n4nkob _14mj1kw7 _9v7aze3t _1tv3nqa1 _39yqe4h9 _11fnglyw _18postnw _bfhkqtfy _syaz10s3 _105310s3 _f8pj10s3 _30l310s3 _9h8h10s3 _irr34mfv _1di619qy _4bfu1r31 _1hmsglyw _ajmmnqa1 _1a3b1r31 _4fprglyw _5goinqa1 _9oik1r31 _1bnxglyw _jf4cnqa1 _1nrm1r31 _c2waglyw _1iohnqa1"
            data-testid="header-nav-back"
            style="--_1203r2w: calc(0px - var(--ds-border-width-outline, 2px));"
            type="button"
          >
            <span
              class="_v564g17y _1e0c1txw _16jlidpf _1o9zidpf _1wpz1h6o _1wybidpf _vwz4idpf _uiztglyw"
            >
              <span
                aria-hidden="true"
                class="css-kxjlgc"
                style="color: currentColor;"
              >
                <svg
                  class="css-1t4wpzr"
                  fill="none"
                  role="presentation"
                  viewBox="0 0 16 16"
                >
                  <path
                    clip-rule="evenodd"
                    d="m1.22 7.47 5-5 1.06 1.06-3.72 3.72H15v1.5H3.56l3.72 3.72-1.06 1.06-5-5a.75.75 0 0 1 0-1.06"
                    fill="currentcolor"
                    fill-rule="evenodd"
                  />
                </svg>
              </span>
              <span
                class="_ca0qidpf _u5f3idpf _n3tdidpf _19bvidpf _19itidpf _1reo15vq _18m915vq _1bsbt94y _4t3it94y _kqswstnw _ogto7mnp _o5721q9c"
              >
                Go Back
              </span>
            </span>
          </button>
        </div>
        <h3
          class="_1mouidpf _1dyz4jg8 _1p1dglyw _11c8lodh _syaz1fxt"
        >
          Test Header
        </h3>
      </div>
    </div>
  </div>,
  "debug": [Function],
  "findAllByAltText": [Function],
  "findAllByDisplayValue": [Function],
  "findAllByLabelText": [Function],
  "findAllByPlaceholderText": [Function],
  "findAllByRole": [Function],
  "findAllByTestId": [Function],
  "findAllByText": [Function],
  "findAllByTitle": [Function],
  "findByAltText": [Function],
  "findByDisplayValue": [Function],
  "findByLabelText": [Function],
  "findByPlaceholderText": [Function],
  "findByRole": [Function],
  "findByTestId": [Function],
  "findByText": [Function],
  "findByTitle": [Function],
  "getAllByAltText": [Function],
  "getAllByDisplayValue": [Function],
  "getAllByLabelText": [Function],
  "getAllByPlaceholderText": [Function],
  "getAllByRole": [Function],
  "getAllByTestId": [Function],
  "getAllByText": [Function],
  "getAllByTitle": [Function],
  "getByAltText": [Function],
  "getByDisplayValue": [Function],
  "getByLabelText": [Function],
  "getByPlaceholderText": [Function],
  "getByRole": [Function],
  "getByTestId": [Function],
  "getByText": [Function],
  "getByTitle": [Function],
  "queryAllByAltText": [Function],
  "queryAllByDisplayValue": [Function],
  "queryAllByLabelText": [Function],
  "queryAllByPlaceholderText": [Function],
  "queryAllByRole": [Function],
  "queryAllByTestId": [Function],
  "queryAllByText": [Function],
  "queryAllByTitle": [Function],
  "queryByAltText": [Function],
  "queryByDisplayValue": [Function],
  "queryByLabelText": [Function],
  "queryByPlaceholderText": [Function],
  "queryByRole": [Function],
  "queryByTestId": [Function],
  "queryByText": [Function],
  "queryByTitle": [Function],
  "rerender": [Function],
  "unmount": [Function],
}
`;
