// Vitest Snapshot v1, https://vitest.dev/guide/snapshot.html

exports[`renderer/components/AllRead.tsx > should render itself & its children - no filters 1`] = `
{
  "asFragment": [Function],
  "baseElement": <body>
    <div>
      <div
        class="flex flex-1 flex-col items-center justify-center min-h-screen"
      >
        <div
          class="css-ybkmal"
        >
          <span
            class="text-5xl"
          >
            <span>
              <img
                alt="ðŸŽŠ"
                class="emoji"
                draggable="false"
                src="images/twemoji/1f38a.svg"
              />
            </span>
          </span>
          <span
            class="text-xl font-semibold"
          >
            No new notifications
          </span>
        </div>
      </div>
    </div>
  </body>,
  "container": <div>
    <div
      class="flex flex-1 flex-col items-center justify-center min-h-screen"
    >
      <div
        class="css-ybkmal"
      >
        <span
          class="text-5xl"
        >
          <span>
            <img
              alt="ðŸŽŠ"
              class="emoji"
              draggable="false"
              src="images/twemoji/1f38a.svg"
            />
          </span>
        </span>
        <span
          class="text-xl font-semibold"
        >
          No new notifications
        </span>
      </div>
    </div>
  </div>,
  "debug": [Function],
  "findAllByAltText": [Function],
  "findAllByDisplayValue": [Function],
  "findAllByLabelText": [Function],
  "findAllByPlaceholderText": [Function],
  "findAllByRole": [Function],
  "findAllByTestId": [Function],
  "findAllByText": [Function],
  "findAllByTitle": [Function],
  "findByAltText": [Function],
  "findByDisplayValue": [Function],
  "findByLabelText": [Function],
  "findByPlaceholderText": [Function],
  "findByRole": [Function],
  "findByTestId": [Function],
  "findByText": [Function],
  "findByTitle": [Function],
  "getAllByAltText": [Function],
  "getAllByDisplayValue": [Function],
  "getAllByLabelText": [Function],
  "getAllByPlaceholderText": [Function],
  "getAllByRole": [Function],
  "getAllByTestId": [Function],
  "getAllByText": [Function],
  "getAllByTitle": [Function],
  "getByAltText": [Function],
  "getByDisplayValue": [Function],
  "getByLabelText": [Function],
  "getByPlaceholderText": [Function],
  "getByRole": [Function],
  "getByTestId": [Function],
  "getByText": [Function],
  "getByTitle": [Function],
  "queryAllByAltText": [Function],
  "queryAllByDisplayValue": [Function],
  "queryAllByLabelText": [Function],
  "queryAllByPlaceholderText": [Function],
  "queryAllByRole": [Function],
  "queryAllByTestId": [Function],
  "queryAllByText": [Function],
  "queryAllByTitle": [Function],
  "queryByAltText": [Function],
  "queryByDisplayValue": [Function],
  "queryByLabelText": [Function],
  "queryByPlaceholderText": [Function],
  "queryByRole": [Function],
  "queryByTestId": [Function],
  "queryByText": [Function],
  "queryByTitle": [Function],
  "rerender": [Function],
  "unmount": [Function],
}
`;

exports[`renderer/components/AllRead.tsx > should render itself & its children - with filters 1`] = `
{
  "asFragment": [Function],
  "baseElement": <body>
    <div>
      <div
        class="flex flex-1 flex-col items-center justify-center min-h-screen"
      >
        <div
          class="css-ybkmal"
        >
          <span
            class="text-5xl"
          >
            <span>
              <img
                alt="ðŸŽŠ"
                class="emoji"
                draggable="false"
                src="images/twemoji/1f38a.svg"
              />
            </span>
          </span>
          <span
            class="text-xl font-semibold"
          >
            No new filtered notifications
          </span>
        </div>
      </div>
    </div>
  </body>,
  "container": <div>
    <div
      class="flex flex-1 flex-col items-center justify-center min-h-screen"
    >
      <div
        class="css-ybkmal"
      >
        <span
          class="text-5xl"
        >
          <span>
            <img
              alt="ðŸŽŠ"
              class="emoji"
              draggable="false"
              src="images/twemoji/1f38a.svg"
            />
          </span>
        </span>
        <span
          class="text-xl font-semibold"
        >
          No new filtered notifications
        </span>
      </div>
    </div>
  </div>,
  "debug": [Function],
  "findAllByAltText": [Function],
  "findAllByDisplayValue": [Function],
  "findAllByLabelText": [Function],
  "findAllByPlaceholderText": [Function],
  "findAllByRole": [Function],
  "findAllByTestId": [Function],
  "findAllByText": [Function],
  "findAllByTitle": [Function],
  "findByAltText": [Function],
  "findByDisplayValue": [Function],
  "findByLabelText": [Function],
  "findByPlaceholderText": [Function],
  "findByRole": [Function],
  "findByTestId": [Function],
  "findByText": [Function],
  "findByTitle": [Function],
  "getAllByAltText": [Function],
  "getAllByDisplayValue": [Function],
  "getAllByLabelText": [Function],
  "getAllByPlaceholderText": [Function],
  "getAllByRole": [Function],
  "getAllByTestId": [Function],
  "getAllByText": [Function],
  "getAllByTitle": [Function],
  "getByAltText": [Function],
  "getByDisplayValue": [Function],
  "getByLabelText": [Function],
  "getByPlaceholderText": [Function],
  "getByRole": [Function],
  "getByTestId": [Function],
  "getByText": [Function],
  "getByTitle": [Function],
  "queryAllByAltText": [Function],
  "queryAllByDisplayValue": [Function],
  "queryAllByLabelText": [Function],
  "queryAllByPlaceholderText": [Function],
  "queryAllByRole": [Function],
  "queryAllByTestId": [Function],
  "queryAllByText": [Function],
  "queryAllByTitle": [Function],
  "queryByAltText": [Function],
  "queryByDisplayValue": [Function],
  "queryByLabelText": [Function],
  "queryByPlaceholderText": [Function],
  "queryByRole": [Function],
  "queryByTestId": [Function],
  "queryByText": [Function],
  "queryByTitle": [Function],
  "rerender": [Function],
  "unmount": [Function],
}
`;
