// Jest Snapshot v1, https://goo.gl/fbAQLP

exports[`renderer/components/settings/SettingsFooter.tsx should show app version 1`] = `
<button
  class="_mizu194a _1ah31bk5 _ra3xnqa1 _128m1bk5 _1cvmnqa1 _4davt94y _19itglyw _vchhusvi _r06hglyw _80omtlke _2rkosqtm _11c82smr _v5649dqc _189eidpf _1rjc12x7 _1e0c116y _1bsb1wug _p12f1osq _kqswh2mm _4cvr1q9y _1bah1h6o _gy1p1b66 _1o9zidpf _4t3iviql _k48p1wq8 _y4tiutpp _bozgutpp _y3gn1h6o _s7n4nkob _14mj1kw7 _9v7aze3t _1tv3nqa1 _39yqe4h9 _11fnglyw _18postnw _bfhkqtfy _syaz10s3 _105310s3 _f8pj10s3 _30l310s3 _9h8h10s3 _irr34mfv _1di619qy _4bfu1r31 _1hmsglyw _ajmmnqa1 _1a3b1r31 _4fprglyw _5goinqa1 _9oik1r31 _1bnxglyw _jf4cnqa1 _1nrm1r31 _c2waglyw _1iohnqa1"
  data-testid="settings-release-notes"
  style="--_1203r2w: calc(0px - var(--ds-border-width-outline, 2px));"
  title="View Atlassify release notes"
  type="button"
>
  <span
    class="_v564g17y _1reo15vq _18m915vq _16jlkb7n _1o9zkb7n _1bto1l2s _o5721q9c"
  >
    <span
      class="font-medium"
    >
      Atlassify
       
      v0.0.1
    </span>
  </span>
</button>
`;
