// Jest Snapshot v1, https://jestjs.io/docs/snapshot-testing

exports[`renderer/components/layout/AppLayout.tsx should render itself & its children 1`] = `
{
  "asFragment": [Function],
  "baseElement": <body>
    <div>
      <div
        class="flex min-h-screen"
      >
        <div
          class="w-sidebar shrink-0"
        >
          <div
            class="fixed flex flex-col pl-sidebar -ml-sidebar w-sidebar h-full overflow-y-auto bg-atlassify-sidebar"
          >
            <div
              class="flex flex-1 flex-col items-center"
            >
              <div
                class="css-qae7qe"
              >
                <div
                  class="css-1ljzo1n"
                >
                  <div
                    role="presentation"
                  >
                    <button
                      class="_ymio1r31 _ypr0glyw _zcxs1o36 _mizu194a _1ah3dkaa _ra3xnqa1 _128mdkaa _1cvmnqa1 _4davt94y _19itglyw _vchhusvi _r06hglyw _80omtlke _2rko1rr0 _11c82smr _v5649dqc _189eidpf _1rjc12x7 _1e0c116y _1bsbviql _p12f1osq _kqswh2mm _4cvr1q9y _1bah1h6o _gy1p1b66 _1o9zidpf _4t3iviql _k48p1wq8 _y4tize3t _bozgze3t _y3gn1h6o _s7n4nkob _14mj1kw7 _9v7aze3t _1tv3nqa1 _39yqe4h9 _11fnglyw _18postnw _bfhkqtfy _syaz10s3 _105310s3 _f8pj10s3 _30l310s3 _9h8h10s3 _irr34mfv _1di619qy _4bfu1r31 _1hmsglyw _ajmmnqa1 _1a3b1r31 _4fprglyw _5goinqa1 _9oik1r31 _1bnxglyw _jf4cnqa1 _1nrm1r31 _c2waglyw _1iohnqa1"
                      data-testid="sidebar-home"
                      type="button"
                    >
                      <span
                        class="_v564g17y _1e0c1txw _16jlidpf _1o9zidpf _1wpz1h6o _1wybidpf _vwz4idpf _uiztglyw"
                      >
                        <svg
                          aria-hidden="true"
                          height="32"
                          viewBox="0 0 48 48"
                          width="32"
                          xmlns="http://www.w3.org/2000/svg"
                        >
                          <g
                            fill="none"
                          >
                            <path
                              d="M.095 0h48v48h-48z"
                            />
                            <path
                              d="M.095 0h48v48h-48z"
                            />
                          </g>
                          <path
                            d="M24.007 9.471V6.588c-9.988 0-18.109 8.121-18.109 18.108 0 1.031.098 2.034.251 3.023 0 .042 0 .098.014.139 1.504 8.483 8.915 14.947 17.83 14.947v-2.883c-7.55 0-13.832-5.516-15.016-12.732a2.681 2.681 0 0 1 .585-2.048c.752-.919 2.103-1.407 3.9-1.407.947 0 1.839.125 2.772.376v-2.953a12.999 12.999 0 0 0-2.772-.293c-1.964 0-3.399.446-4.43 1.045 1.323-7.076 7.536-12.439 14.974-12.439Z"
                            fill="#FFFFFF"
                          />
                          <path
                            d="M26.946 25.42c-.696-.306-1.477-.669-2.368-1.059-.515-.223-1.017-.446-1.49-.655-2.702-1.198-4.778-2.117-6.853-2.549v2.953c1.574.418 3.287 1.17 5.683 2.229.474.209.975.432 1.504.655.878.39 1.658.738 2.34 1.045 2.521 1.128 4.04 1.811 5.962 2.201l.557-2.828c-1.602-.32-2.925-.905-5.335-1.992Z"
                            fill="#FFFFFF"
                          />
                          <path
                            d="M42.102 24.376v-.71c-.557-9.514-8.455-17.078-18.095-17.078v2.883c8.288 0 15.044 6.644 15.211 14.891a3.002 3.002 0 0 1-.78 1.978c-.78.85-2.131 1.295-3.914 1.295-.766 0-1.504-.07-2.257-.223l-.557 2.828a14.61 14.61 0 0 0 2.814.279c1.588 0 2.842-.279 3.803-.696-2.103 5.878-7.745 10.099-14.334 10.099v2.883c9.988 0 18.109-8.121 18.109-18.109v-.32Z"
                            fill="#FFFFFF"
                          />
                          <path
                            d="M24.007 42.804v-2.883c4.137 0 6.603-4.221 6.603-11.283s-2.507-12.983-7.647-18.457l2.103-1.978c5.669 6.032 8.427 12.718 8.427 20.435 0 8.734-3.636 14.167-9.486 14.167Z"
                            fill="#FFFFFF"
                          />
                          <path
                            d="M24.007 42.805c-6.227 0-9.793-5.07-9.793-13.916 0-10.322 4.513-16.089 8.734-20.672l2.117 1.95c-4.917 5.349-7.968 10.336-7.968 18.722 0 9.124 3.761 11.032 6.909 11.032v2.883Z"
                            fill="#FFFFFF"
                          />
                          <path
                            d="M16.29 26.201a3.37 3.37 0 1 0 0-6.741 3.37 3.37 0 0 0 0 6.741ZM31.877 32.01a3.37 3.37 0 1 0 0-6.741 3.37 3.37 0 0 0 0 6.741ZM24.007 11.937a3.37 3.37 0 1 0 0-6.741 3.37 3.37 0 0 0 0 6.741Z"
                            fill="#FFFFFF"
                          />
                        </svg>
                        <span
                          class="_ca0qidpf _u5f3idpf _n3tdidpf _19bvidpf _19itidpf _1reo15vq _18m915vq _1bsbt94y _4t3it94y _kqswstnw _ogto7mnp _uiztglyw _o5721q9c"
                        >
                          Home
                        </span>
                      </span>
                    </button>
                  </div>
                  <div
                    role="presentation"
                  >
                    <button
                      class="_ymio1r31 _ypr0glyw _zcxs1o36 _mizu194a _1ah3dkaa _ra3xnqa1 _128mdkaa _1cvmnqa1 _4davt94y _19itglyw _vchhusvi _r06hglyw _80omtlke _2rko1rr0 _11c82smr _v5649dqc _189eidpf _1rjcv77o _1e0c116y _1bsb1k8s _p12f1osq _kqswh2mm _4cvr1q9y _1bah1h6o _gy1p1b66 _1o9zidpf _4t3i1k8s _k48p1wq8 _y4tize3t _bozgze3t _y3gn1h6o _s7n4nkob _14mj1kw7 _9v7aze3t _1tv3nqa1 _39yqe4h9 _11fnglyw _18postnw _bfhkqtfy _syaz10s3 _105310s3 _f8pj10s3 _30l310s3 _9h8h10s3 _irr34mfv _1di619qy _4bfu1r31 _1hmsglyw _ajmmnqa1 _1a3b1r31 _4fprglyw _5goinqa1 _9oik1r31 _1bnxglyw _jf4cnqa1 _1nrm1r31 _c2waglyw _1iohnqa1"
                      data-testid="sidebar-notifications"
                      type="button"
                    >
                      <span
                        class="_v564g17y _1e0c1txw _16jlidpf _1o9zidpf _1wpz1h6o _1wybidpf _vwz4idpf _uiztglyw"
                      >
                        <span
                          aria-hidden="true"
                          class="_1e0c1o8l _vchhusvi _1o9zidpf _vwz4kb7n _y4ti1igz _bozg1mb9 _12va1onz _jcxd1r8n"
                          style="color: var(--ds-text-accent-gray-bolder);"
                        >
                          <svg
                            class="_1reo15vq _18m915vq _syaz1r31 _lcxvglyw _s7n4yfq0 _vc881r31 _1bsbpxbi _4t3ipxbi"
                            fill="none"
                            role="presentation"
                            viewBox="0 0 16 16"
                          >
                            <path
                              d="M6.42 13.5a1.748 1.748 0 0 0 3.16 0zM4.5 8.636c0 .215-.06.426-.175.608L2.603 12h10.795l-1.723-2.756a1.15 1.15 0 0 1-.175-.608V5a3.5 3.5 0 0 0-7 0zm8.5-.1 1.788 2.86a1.375 1.375 0 0 1-1.166 2.104h-2.46a3.25 3.25 0 0 1-6.324 0h-2.46a1.375 1.375 0 0 1-1.166-2.104L3 8.537V5a5 5 0 0 1 10 0z"
                              fill="currentcolor"
                            />
                          </svg>
                        </span>
                        <span
                          class="_ca0qidpf _u5f3idpf _n3tdidpf _19bvidpf _19itidpf _1reo15vq _18m915vq _1bsbt94y _4t3it94y _kqswstnw _ogto7mnp _uiztglyw _o5721q9c"
                        >
                          Notifications
                        </span>
                      </span>
                    </button>
                  </div>
                </div>
              </div>
            </div>
            <div
              class="css-1qsxb5u"
            >
              <div
                class="css-1q8tdp"
              >
                <div
                  role="presentation"
                >
                  <button
                    class="_ymio1r31 _ypr0glyw _zcxs1o36 _mizu194a _1ah3dkaa _ra3xnqa1 _128mdkaa _1cvmnqa1 _4davt94y _19itglyw _vchhusvi _r06hglyw _80omtlke _2rko1rr0 _11c82smr _v5649dqc _189eidpf _1rjc12x7 _1e0c116y _1bsbviql _p12f1osq _kqswh2mm _4cvr1q9y _1bah1h6o _gy1p1b66 _1o9zidpf _4t3iviql _k48p1wq8 _y4tize3t _bozgze3t _y3gn1h6o _s7n4nkob _14mj1kw7 _9v7aze3t _1tv3nqa1 _39yqe4h9 _11fnglyw _18postnw _bfhkqtfy _syaz10s3 _105310s3 _f8pj10s3 _30l310s3 _9h8h10s3 _irr34mfv _1di619qy _4bfu1r31 _1hmsglyw _ajmmnqa1 _1a3b1r31 _4fprglyw _5goinqa1 _9oik1r31 _1bnxglyw _jf4cnqa1 _1nrm1r31 _c2waglyw _1iohnqa1"
                    data-testid="sidebar-quit"
                    type="button"
                  >
                    <span
                      class="_v564g17y _1e0c1txw _16jlidpf _1o9zidpf _1wpz1h6o _1wybidpf _vwz4idpf _uiztglyw"
                    >
                      <span
                        aria-hidden="true"
                        class="_1e0c1o8l _vchhusvi _1o9zidpf _vwz4kb7n _y4ti1igz _bozg1mb9 _12va1onz _jcxd1r8n"
                        style="color: var(--ds-text-accent-gray-bolder);"
                      >
                        <svg
                          class="_1reo15vq _18m915vq _syaz1r31 _lcxvglyw _s7n4yfq0 _vc881r31 _1bsbpxbi _4t3ipxbi"
                          fill="none"
                          role="presentation"
                          viewBox="0 0 16 16"
                        >
                          <path
                            clip-rule="evenodd"
                            d="M8 0a8 8 0 1 0 0 16A8 8 0 0 0 8 0m4.03 5.03L9.06 8l2.97 2.97-1.06 1.06L8 9.06l-2.97 2.97-1.06-1.06L6.94 8 3.97 5.03l1.06-1.06L8 6.94l2.97-2.97z"
                            fill="currentcolor"
                            fill-rule="evenodd"
                          />
                        </svg>
                      </span>
                      <span
                        class="_ca0qidpf _u5f3idpf _n3tdidpf _19bvidpf _19itidpf _1reo15vq _18m915vq _1bsbt94y _4t3it94y _kqswstnw _ogto7mnp _uiztglyw _o5721q9c"
                      >
                        Quit Atlassify
                      </span>
                    </span>
                  </button>
                </div>
              </div>
            </div>
          </div>
        </div>
        <div
          class="flex-1"
        >
          Test
        </div>
      </div>
    </div>
  </body>,
  "container": <div>
    <div
      class="flex min-h-screen"
    >
      <div
        class="w-sidebar shrink-0"
      >
        <div
          class="fixed flex flex-col pl-sidebar -ml-sidebar w-sidebar h-full overflow-y-auto bg-atlassify-sidebar"
        >
          <div
            class="flex flex-1 flex-col items-center"
          >
            <div
              class="css-qae7qe"
            >
              <div
                class="css-1ljzo1n"
              >
                <div
                  role="presentation"
                >
                  <button
                    class="_ymio1r31 _ypr0glyw _zcxs1o36 _mizu194a _1ah3dkaa _ra3xnqa1 _128mdkaa _1cvmnqa1 _4davt94y _19itglyw _vchhusvi _r06hglyw _80omtlke _2rko1rr0 _11c82smr _v5649dqc _189eidpf _1rjc12x7 _1e0c116y _1bsbviql _p12f1osq _kqswh2mm _4cvr1q9y _1bah1h6o _gy1p1b66 _1o9zidpf _4t3iviql _k48p1wq8 _y4tize3t _bozgze3t _y3gn1h6o _s7n4nkob _14mj1kw7 _9v7aze3t _1tv3nqa1 _39yqe4h9 _11fnglyw _18postnw _bfhkqtfy _syaz10s3 _105310s3 _f8pj10s3 _30l310s3 _9h8h10s3 _irr34mfv _1di619qy _4bfu1r31 _1hmsglyw _ajmmnqa1 _1a3b1r31 _4fprglyw _5goinqa1 _9oik1r31 _1bnxglyw _jf4cnqa1 _1nrm1r31 _c2waglyw _1iohnqa1"
                    data-testid="sidebar-home"
                    type="button"
                  >
                    <span
                      class="_v564g17y _1e0c1txw _16jlidpf _1o9zidpf _1wpz1h6o _1wybidpf _vwz4idpf _uiztglyw"
                    >
                      <svg
                        aria-hidden="true"
                        height="32"
                        viewBox="0 0 48 48"
                        width="32"
                        xmlns="http://www.w3.org/2000/svg"
                      >
                        <g
                          fill="none"
                        >
                          <path
                            d="M.095 0h48v48h-48z"
                          />
                          <path
                            d="M.095 0h48v48h-48z"
                          />
                        </g>
                        <path
                          d="M24.007 9.471V6.588c-9.988 0-18.109 8.121-18.109 18.108 0 1.031.098 2.034.251 3.023 0 .042 0 .098.014.139 1.504 8.483 8.915 14.947 17.83 14.947v-2.883c-7.55 0-13.832-5.516-15.016-12.732a2.681 2.681 0 0 1 .585-2.048c.752-.919 2.103-1.407 3.9-1.407.947 0 1.839.125 2.772.376v-2.953a12.999 12.999 0 0 0-2.772-.293c-1.964 0-3.399.446-4.43 1.045 1.323-7.076 7.536-12.439 14.974-12.439Z"
                          fill="#FFFFFF"
                        />
                        <path
                          d="M26.946 25.42c-.696-.306-1.477-.669-2.368-1.059-.515-.223-1.017-.446-1.49-.655-2.702-1.198-4.778-2.117-6.853-2.549v2.953c1.574.418 3.287 1.17 5.683 2.229.474.209.975.432 1.504.655.878.39 1.658.738 2.34 1.045 2.521 1.128 4.04 1.811 5.962 2.201l.557-2.828c-1.602-.32-2.925-.905-5.335-1.992Z"
                          fill="#FFFFFF"
                        />
                        <path
                          d="M42.102 24.376v-.71c-.557-9.514-8.455-17.078-18.095-17.078v2.883c8.288 0 15.044 6.644 15.211 14.891a3.002 3.002 0 0 1-.78 1.978c-.78.85-2.131 1.295-3.914 1.295-.766 0-1.504-.07-2.257-.223l-.557 2.828a14.61 14.61 0 0 0 2.814.279c1.588 0 2.842-.279 3.803-.696-2.103 5.878-7.745 10.099-14.334 10.099v2.883c9.988 0 18.109-8.121 18.109-18.109v-.32Z"
                          fill="#FFFFFF"
                        />
                        <path
                          d="M24.007 42.804v-2.883c4.137 0 6.603-4.221 6.603-11.283s-2.507-12.983-7.647-18.457l2.103-1.978c5.669 6.032 8.427 12.718 8.427 20.435 0 8.734-3.636 14.167-9.486 14.167Z"
                          fill="#FFFFFF"
                        />
                        <path
                          d="M24.007 42.805c-6.227 0-9.793-5.07-9.793-13.916 0-10.322 4.513-16.089 8.734-20.672l2.117 1.95c-4.917 5.349-7.968 10.336-7.968 18.722 0 9.124 3.761 11.032 6.909 11.032v2.883Z"
                          fill="#FFFFFF"
                        />
                        <path
                          d="M16.29 26.201a3.37 3.37 0 1 0 0-6.741 3.37 3.37 0 0 0 0 6.741ZM31.877 32.01a3.37 3.37 0 1 0 0-6.741 3.37 3.37 0 0 0 0 6.741ZM24.007 11.937a3.37 3.37 0 1 0 0-6.741 3.37 3.37 0 0 0 0 6.741Z"
                          fill="#FFFFFF"
                        />
                      </svg>
                      <span
                        class="_ca0qidpf _u5f3idpf _n3tdidpf _19bvidpf _19itidpf _1reo15vq _18m915vq _1bsbt94y _4t3it94y _kqswstnw _ogto7mnp _uiztglyw _o5721q9c"
                      >
                        Home
                      </span>
                    </span>
                  </button>
                </div>
                <div
                  role="presentation"
                >
                  <button
                    class="_ymio1r31 _ypr0glyw _zcxs1o36 _mizu194a _1ah3dkaa _ra3xnqa1 _128mdkaa _1cvmnqa1 _4davt94y _19itglyw _vchhusvi _r06hglyw _80omtlke _2rko1rr0 _11c82smr _v5649dqc _189eidpf _1rjcv77o _1e0c116y _1bsb1k8s _p12f1osq _kqswh2mm _4cvr1q9y _1bah1h6o _gy1p1b66 _1o9zidpf _4t3i1k8s _k48p1wq8 _y4tize3t _bozgze3t _y3gn1h6o _s7n4nkob _14mj1kw7 _9v7aze3t _1tv3nqa1 _39yqe4h9 _11fnglyw _18postnw _bfhkqtfy _syaz10s3 _105310s3 _f8pj10s3 _30l310s3 _9h8h10s3 _irr34mfv _1di619qy _4bfu1r31 _1hmsglyw _ajmmnqa1 _1a3b1r31 _4fprglyw _5goinqa1 _9oik1r31 _1bnxglyw _jf4cnqa1 _1nrm1r31 _c2waglyw _1iohnqa1"
                    data-testid="sidebar-notifications"
                    type="button"
                  >
                    <span
                      class="_v564g17y _1e0c1txw _16jlidpf _1o9zidpf _1wpz1h6o _1wybidpf _vwz4idpf _uiztglyw"
                    >
                      <span
                        aria-hidden="true"
                        class="_1e0c1o8l _vchhusvi _1o9zidpf _vwz4kb7n _y4ti1igz _bozg1mb9 _12va1onz _jcxd1r8n"
                        style="color: var(--ds-text-accent-gray-bolder);"
                      >
                        <svg
                          class="_1reo15vq _18m915vq _syaz1r31 _lcxvglyw _s7n4yfq0 _vc881r31 _1bsbpxbi _4t3ipxbi"
                          fill="none"
                          role="presentation"
                          viewBox="0 0 16 16"
                        >
                          <path
                            d="M6.42 13.5a1.748 1.748 0 0 0 3.16 0zM4.5 8.636c0 .215-.06.426-.175.608L2.603 12h10.795l-1.723-2.756a1.15 1.15 0 0 1-.175-.608V5a3.5 3.5 0 0 0-7 0zm8.5-.1 1.788 2.86a1.375 1.375 0 0 1-1.166 2.104h-2.46a3.25 3.25 0 0 1-6.324 0h-2.46a1.375 1.375 0 0 1-1.166-2.104L3 8.537V5a5 5 0 0 1 10 0z"
                            fill="currentcolor"
                          />
                        </svg>
                      </span>
                      <span
                        class="_ca0qidpf _u5f3idpf _n3tdidpf _19bvidpf _19itidpf _1reo15vq _18m915vq _1bsbt94y _4t3it94y _kqswstnw _ogto7mnp _uiztglyw _o5721q9c"
                      >
                        Notifications
                      </span>
                    </span>
                  </button>
                </div>
              </div>
            </div>
          </div>
          <div
            class="css-1qsxb5u"
          >
            <div
              class="css-1q8tdp"
            >
              <div
                role="presentation"
              >
                <button
                  class="_ymio1r31 _ypr0glyw _zcxs1o36 _mizu194a _1ah3dkaa _ra3xnqa1 _128mdkaa _1cvmnqa1 _4davt94y _19itglyw _vchhusvi _r06hglyw _80omtlke _2rko1rr0 _11c82smr _v5649dqc _189eidpf _1rjc12x7 _1e0c116y _1bsbviql _p12f1osq _kqswh2mm _4cvr1q9y _1bah1h6o _gy1p1b66 _1o9zidpf _4t3iviql _k48p1wq8 _y4tize3t _bozgze3t _y3gn1h6o _s7n4nkob _14mj1kw7 _9v7aze3t _1tv3nqa1 _39yqe4h9 _11fnglyw _18postnw _bfhkqtfy _syaz10s3 _105310s3 _f8pj10s3 _30l310s3 _9h8h10s3 _irr34mfv _1di619qy _4bfu1r31 _1hmsglyw _ajmmnqa1 _1a3b1r31 _4fprglyw _5goinqa1 _9oik1r31 _1bnxglyw _jf4cnqa1 _1nrm1r31 _c2waglyw _1iohnqa1"
                  data-testid="sidebar-quit"
                  type="button"
                >
                  <span
                    class="_v564g17y _1e0c1txw _16jlidpf _1o9zidpf _1wpz1h6o _1wybidpf _vwz4idpf _uiztglyw"
                  >
                    <span
                      aria-hidden="true"
                      class="_1e0c1o8l _vchhusvi _1o9zidpf _vwz4kb7n _y4ti1igz _bozg1mb9 _12va1onz _jcxd1r8n"
                      style="color: var(--ds-text-accent-gray-bolder);"
                    >
                      <svg
                        class="_1reo15vq _18m915vq _syaz1r31 _lcxvglyw _s7n4yfq0 _vc881r31 _1bsbpxbi _4t3ipxbi"
                        fill="none"
                        role="presentation"
                        viewBox="0 0 16 16"
                      >
                        <path
                          clip-rule="evenodd"
                          d="M8 0a8 8 0 1 0 0 16A8 8 0 0 0 8 0m4.03 5.03L9.06 8l2.97 2.97-1.06 1.06L8 9.06l-2.97 2.97-1.06-1.06L6.94 8 3.97 5.03l1.06-1.06L8 6.94l2.97-2.97z"
                          fill="currentcolor"
                          fill-rule="evenodd"
                        />
                      </svg>
                    </span>
                    <span
                      class="_ca0qidpf _u5f3idpf _n3tdidpf _19bvidpf _19itidpf _1reo15vq _18m915vq _1bsbt94y _4t3it94y _kqswstnw _ogto7mnp _uiztglyw _o5721q9c"
                    >
                      Quit Atlassify
                    </span>
                  </span>
                </button>
              </div>
            </div>
          </div>
        </div>
      </div>
      <div
        class="flex-1"
      >
        Test
      </div>
    </div>
  </div>,
  "debug": [Function],
  "findAllByAltText": [Function],
  "findAllByDisplayValue": [Function],
  "findAllByLabelText": [Function],
  "findAllByPlaceholderText": [Function],
  "findAllByRole": [Function],
  "findAllByTestId": [Function],
  "findAllByText": [Function],
  "findAllByTitle": [Function],
  "findByAltText": [Function],
  "findByDisplayValue": [Function],
  "findByLabelText": [Function],
  "findByPlaceholderText": [Function],
  "findByRole": [Function],
  "findByTestId": [Function],
  "findByText": [Function],
  "findByTitle": [Function],
  "getAllByAltText": [Function],
  "getAllByDisplayValue": [Function],
  "getAllByLabelText": [Function],
  "getAllByPlaceholderText": [Function],
  "getAllByRole": [Function],
  "getAllByTestId": [Function],
  "getAllByText": [Function],
  "getAllByTitle": [Function],
  "getByAltText": [Function],
  "getByDisplayValue": [Function],
  "getByLabelText": [Function],
  "getByPlaceholderText": [Function],
  "getByRole": [Function],
  "getByTestId": [Function],
  "getByText": [Function],
  "getByTitle": [Function],
  "queryAllByAltText": [Function],
  "queryAllByDisplayValue": [Function],
  "queryAllByLabelText": [Function],
  "queryAllByPlaceholderText": [Function],
  "queryAllByRole": [Function],
  "queryAllByTestId": [Function],
  "queryAllByText": [Function],
  "queryAllByTitle": [Function],
  "queryByAltText": [Function],
  "queryByDisplayValue": [Function],
  "queryByLabelText": [Function],
  "queryByPlaceholderText": [Function],
  "queryByRole": [Function],
  "queryByTestId": [Function],
  "queryByText": [Function],
  "queryByTitle": [Function],
  "rerender": [Function],
  "unmount": [Function],
}
`;
