// Jest Snapshot v1, https://jestjs.io/docs/snapshot-testing

exports[`renderer/routes/Accounts.tsx General should render itself & its children - dark mode 1`] = `
<div
  class="flex h-screen flex-col"
  data-testid="accounts"
>
  <div
    class="css-18bes35"
  >
    <div
      class="css-1ja375h"
    >
      <div
        role="presentation"
      >
        <button
          class="_mizu194a _1ah31bk5 _ra3xnqa1 _128m1bk5 _1cvmnqa1 _4davt94y _19itglyw _vchhusvi _r06hglyw _80omtlke _2rko1rr0 _11c82smr _v5649dqc _189eidpf _1rjc12x7 _1e0c116y _1bsbviql _p12f1osq _kqswh2mm _4cvr1q9y _1bah1h6o _gy1p1b66 _1o9zidpf _4t3iviql _k48p1wq8 _y4tize3t _bozgze3t _y3gn1h6o _s7n4nkob _14mj1kw7 _9v7aze3t _1tv3nqa1 _39yqe4h9 _11fnglyw _18postnw _bfhkqtfy _syaz10s3 _105310s3 _f8pj10s3 _30l310s3 _9h8h10s3 _irr34mfv _1di619qy _4bfu1r31 _1hmsglyw _ajmmnqa1 _1a3b1r31 _4fprglyw _5goinqa1 _9oik1r31 _1bnxglyw _jf4cnqa1 _1nrm1r31 _c2waglyw _1iohnqa1"
          data-testid="header-nav-back"
          style="--_1203r2w: calc(0px - var(--ds-border-width-outline, 2px));"
          type="button"
        >
          <span
            class="_v564g17y _1e0c1txw _16jlidpf _1o9zidpf _1wpz1h6o _1wybidpf _vwz4idpf _uiztglyw"
          >
            <span
              aria-hidden="true"
              class="_1e0c1o8l _vchhusvi _1o9zidpf _vwz4kb7n _y4ti1igz _bozg1mb9 _12va1onz _jcxd1r8n"
              style="color: currentcolor;"
            >
              <svg
                class="_1reo15vq _18m915vq _syaz1r31 _lcxvglyw _s7n4yfq0 _vc881r31 _1bsbpxbi _4t3ipxbi"
                fill="none"
                role="presentation"
                viewBox="0 0 16 16"
              >
                <path
                  clip-rule="evenodd"
                  d="m1.22 7.47 5-5 1.06 1.06-3.72 3.72H15v1.5H3.56l3.72 3.72-1.06 1.06-5-5a.75.75 0 0 1 0-1.06"
                  fill="currentcolor"
                  fill-rule="evenodd"
                />
              </svg>
            </span>
            <span
              class="_ca0qidpf _u5f3idpf _n3tdidpf _19bvidpf _19itidpf _1reo15vq _18m915vq _1bsbt94y _4t3it94y _kqswstnw _ogto7mnp _uiztglyw _o5721q9c"
            >
              Go Back
            </span>
          </span>
        </button>
      </div>
      <h3
        class="_1mouidpf _1dyz4jg8 _1p1dglyw _11c8lodh _syaz1fxt"
      >
        Accounts
      </h3>
    </div>
  </div>
  <div
    class="grow overflow-x-auto"
  >
    <div
      class="css-1cascbq"
    >
      <div
        class="css-1ja375h"
      >
        <div
          role="presentation"
        >
          <button
            aria-label="Open account profile"
            class="_2rkofajl _12ji1r31 _1qu2glyw _12y31o36 _4bfu1r31 _1hmsglyw _ajmmnqa1 _1h6d1j28 _1dqonqa1 _189e1bk5 _1e0c1txw _vchhusvi _1bsb1osq _4cvr1h6o _bfhk1g13 _syaz1kw7 _1wyb1kw7 _zg8l4jg8 _k48pi7a9 _vwz4kb7n _6rthze3t _1pfhze3t _12l2ze3t _ahbqze3t _85i51b66 _1q511b66 _y4ti1b66 _bozg1b66 _y3gn1e5h _nt751r31 _49pcglyw _1hvw1o36 _858u194a _9oik1r31 _1bnxglyw _jf4cnqa1 _irr314ae _d0altlke _1di61l7b"
            data-testid="account-profile--itemInner"
            style="--avatar-item-bg-color: transparent;"
            type="button"
          >
            <div
              aria-labelledby="uid14"
              class="_12ji1r31 _1qu2glyw _12y3idpf _1e0c1o8l _kqswh2mm"
              role="img"
            >
              <span
                class="_vchh1ntv _bfhkcxp3 _16qs1nhn _19itglyw _12ji1r31 _1qu2glyw _12y31o36 _1reo15vq _18m915vq _v564ieh6 _1e0c1txw _kqswpfqs _4cvr1fhb _1bah1h6o _2lx21bp4 _80om1kw7 _6rthv77o _1pfhv77o _12l2v77o _ahbqv77o _85i5ze3t _1q51ze3t _y4tize3t _bozgze3t _t9ec1aqe _9v7aze3t _qc5o1p41 _z0ai1osq _18postnw _1hfk1j28 _aetrf705 _1peqidpf _11fnglyw _1ejjglyw _mizu194a _1ah3v77o _ra3xnqa1 _128m1bk5 _4dave4h9 _2rko1qll _14mj1qll _1bsbzwfg _4t3izwfg"
                style="--avatar-bg-color: gray; --avatar-box-shadow: 0 0 0 2px gray;"
              >
                <img
                  alt=""
                  aria-hidden="true"
                  class="_16jlkb7n _1o9zkb7n _i0dl1osq _1e0c1txw _1bsb1osq _4t3i1osq _2rko1rr0"
                  data-ssr-placeholder-ignored="true"
                  data-vc="avatar-image"
                  src="https://avatar.atlassify.io"
                />
              </span>
              <span
                hidden=""
                id="uid14"
              >
                Atlassify
              </span>
            </div>
            <div
              class="_16jlkb7n _1o9zkb7n _i0dl1osq _1ul9idpf _p12f1osq _vwz419ii _bozgu2gc"
            >
              <span
                class="_1e0c1ule _syaz1fxt _1reo15vq _1bto1l2s _o5721q9c"
              >
                Atlassify
              </span>
              <span
                class="_1e0c1ule _syaz131l _1wyb181o _1reo15vq _1bto1l2s _o5721q9c"
              >
                user@atlassify.io
              </span>
            </div>
          </button>
        </div>
        <div
          class="css-iay813"
        >
          <div
            role="presentation"
          >
            <button
              class="_mizu194a _1ah31bk5 _ra3xnqa1 _128m1bk5 _1cvmnqa1 _4davt94y _19itglyw _vchhusvi _r06hglyw _80omtlke _2rko1rr0 _11c82smr _v5649dqc _189eidpf _1rjc12x7 _1e0c116y _1bsbviql _p12f1osq _kqswh2mm _4cvr1q9y _1bah1h6o _gy1p1b66 _1o9zidpf _4t3iviql _k48p1wq8 _y4tize3t _bozgze3t _y3gn1h6o _s7n4nkob _14mj1kw7 _9v7aze3t _1tv3nqa1 _39yqe4h9 _11fnglyw _18postnw _bfhkqtfy _syaz10s3 _105310s3 _f8pj10s3 _30l310s3 _9h8h10s3 _irr34mfv _1di619qy _4bfu1r31 _1hmsglyw _ajmmnqa1 _1a3b1r31 _4fprglyw _5goinqa1 _9oik1r31 _1bnxglyw _jf4cnqa1 _1nrm1r31 _c2waglyw _1iohnqa1"
              data-testid="account-refresh"
              style="--_1203r2w: calc(0px - var(--ds-border-width-outline, 2px));"
              type="button"
            >
              <span
                class="_v564g17y _1e0c1txw _16jlidpf _1o9zidpf _1wpz1h6o _1wybidpf _vwz4idpf _uiztglyw"
              >
                <span
                  aria-hidden="true"
                  class="_1e0c1o8l _vchhusvi _1o9zidpf _vwz4kb7n _y4ti1igz _bozg1mb9 _12va1onz _jcxd1r8n"
                  style="color: currentcolor;"
                >
                  <svg
                    class="_1reo15vq _18m915vq _syaz1r31 _lcxvglyw _s7n4yfq0 _vc881r31 _1bsbpxbi _4t3ipxbi"
                    fill="none"
                    role="presentation"
                    viewBox="0 0 16 16"
                  >
                    <path
                      clip-rule="evenodd"
                      d="M2.5 3.67V1H1v5c0 .414.336.75.75.75H6.5v-1.5H3.236a5.5 5.5 0 1 1-.666 3.63l-1.48.24A7.002 7.002 0 0 0 15 8 7 7 0 0 0 2.5 3.67"
                      fill="currentcolor"
                      fill-rule="evenodd"
                    />
                  </svg>
                </span>
                <span
                  class="_ca0qidpf _u5f3idpf _n3tdidpf _19bvidpf _19itidpf _1reo15vq _18m915vq _1bsbt94y _4t3it94y _kqswstnw _ogto7mnp _uiztglyw _o5721q9c"
                >
                  Refresh user@atlassify.io
                </span>
              </span>
            </button>
          </div>
          <div
            role="presentation"
          >
            <button
              class="_mizu194a _1ah31bk5 _ra3xnqa1 _128m1bk5 _1cvmnqa1 _4davt94y _19itglyw _vchhusvi _r06hglyw _80omtlke _2rko1rr0 _11c82smr _v5649dqc _189eidpf _1rjc12x7 _1e0c116y _1bsbviql _p12f1osq _kqswh2mm _4cvr1q9y _1bah1h6o _gy1p1b66 _1o9zidpf _4t3iviql _k48p1wq8 _y4tize3t _bozgze3t _y3gn1h6o _s7n4nkob _14mj1kw7 _9v7aze3t _1tv3nqa1 _39yqe4h9 _11fnglyw _18postnw _bfhkqtfy _syaz10s3 _105310s3 _f8pj10s3 _30l310s3 _9h8h10s3 _irr34mfv _1di619qy _4bfu1r31 _1hmsglyw _ajmmnqa1 _1a3b1r31 _4fprglyw _5goinqa1 _9oik1r31 _1bnxglyw _jf4cnqa1 _1nrm1r31 _c2waglyw _1iohnqa1"
              data-testid="account-logout"
              style="--_1203r2w: calc(0px - var(--ds-border-width-outline, 2px));"
              type="button"
            >
              <span
                class="_v564g17y _1e0c1txw _16jlidpf _1o9zidpf _1wpz1h6o _1wybidpf _vwz4idpf _uiztglyw"
              >
                <span
                  aria-hidden="true"
                  class="_1e0c1o8l _vchhusvi _1o9zidpf _vwz4kb7n _y4ti1igz _bozg1mb9 _12va1onz _jcxd1r8n"
                  style="color: currentcolor;"
                >
                  <svg
                    class="_1reo15vq _18m915vq _syaz1r31 _lcxvglyw _s7n4yfq0 _vc881r31 _1bsbpxbi _4t3ipxbi"
                    fill="none"
                    role="presentation"
                    viewBox="0 0 16 16"
                  >
                    <path
                      clip-rule="evenodd"
                      d="M3 2.5h5V1H3a2 2 0 0 0-2 2v10a2 2 0 0 0 2 2h5v-1.5H3a.5.5 0 0 1-.5-.5V3a.5.5 0 0 1 .5-.5m11.78 4.97-3.5-3.5-1.06 1.06 2.22 2.22H6v1.5h6.44l-2.22 2.22 1.06 1.06 3.5-3.5a.75.75 0 0 0 0-1.06"
                      fill="currentcolor"
                      fill-rule="evenodd"
                    />
                  </svg>
                </span>
                <span
                  class="_ca0qidpf _u5f3idpf _n3tdidpf _19bvidpf _19itidpf _1reo15vq _18m915vq _1bsbt94y _4t3it94y _kqswstnw _ogto7mnp _uiztglyw _o5721q9c"
                >
                  Logout user@atlassify.io
                </span>
              </span>
            </button>
          </div>
        </div>
      </div>
    </div>
  </div>
  <div
    class="css-156yo0n"
  >
    <div
      class="css-11bvkc9"
    >
      <div
        role="presentation"
      >
        <button
          class="_mizu194a _1ah31bk5 _ra3xnqa1 _128m1bk5 _1cvmnqa1 _4davt94y _19itglyw _vchhusvi _r06hglyw _80omtlke _2rko1rr0 _11c82smr _v5649dqc _189eidpf _1rjc12x7 _1e0c116y _1bsbviql _p12f1osq _kqswh2mm _4cvr1q9y _1bah1h6o _gy1p1b66 _1o9zidpf _4t3iviql _k48p1wq8 _y4tize3t _bozgze3t _y3gn1h6o _s7n4nkob _14mj1kw7 _9v7aze3t _1tv3nqa1 _39yqe4h9 _11fnglyw _18postnw _bfhkqtfy _syaz10s3 _105310s3 _f8pj10s3 _30l310s3 _9h8h10s3 _irr34mfv _1di619qy _4bfu1r31 _1hmsglyw _ajmmnqa1 _1a3b1r31 _4fprglyw _5goinqa1 _9oik1r31 _1bnxglyw _jf4cnqa1 _1nrm1r31 _c2waglyw _1iohnqa1"
          data-testid="account-add-new"
          style="--_1203r2w: calc(0px - var(--ds-border-width-outline, 2px));"
          type="button"
        >
          <span
            class="_v564g17y _1e0c1txw _16jlidpf _1o9zidpf _1wpz1h6o _1wybidpf _vwz4idpf _uiztglyw"
          >
            <span
              aria-hidden="true"
              class="_1e0c1o8l _vchhusvi _1o9zidpf _vwz4kb7n _y4ti1igz _bozg1mb9 _12va1onz _jcxd1r8n"
              style="color: currentcolor;"
            >
              <svg
                class="_1reo15vq _18m915vq _syaz1r31 _lcxvglyw _s7n4yfq0 _vc881r31 _1bsbpxbi _4t3ipxbi"
                fill="none"
                role="presentation"
                viewBox="0 0 16 16"
              >
                <path
                  clip-rule="evenodd"
                  d="M5 1.5a2.5 2.5 0 1 0 0 5 2.5 2.5 0 0 0 0-5M1 4a4 4 0 1 1 8 0 4 4 0 0 1-8 0m11.25 4.75V11h1.5V8.75H16v-1.5h-2.25V5h-1.5v2.25H10v1.5zm-8.5 1.75a2.25 2.25 0 0 0-2.25 2.25V15H0v-2.25A3.75 3.75 0 0 1 3.75 9h2.5A3.75 3.75 0 0 1 10 12.75V15H8.5v-2.25a2.25 2.25 0 0 0-2.25-2.25z"
                  fill="currentcolor"
                  fill-rule="evenodd"
                />
              </svg>
            </span>
            <span
              class="_ca0qidpf _u5f3idpf _n3tdidpf _19bvidpf _19itidpf _1reo15vq _18m915vq _1bsbt94y _4t3it94y _kqswstnw _ogto7mnp _uiztglyw _o5721q9c"
            >
              Add new account
            </span>
          </span>
        </button>
      </div>
    </div>
  </div>
</div>
`;

exports[`renderer/routes/Accounts.tsx General should render itself & its children - light mode 1`] = `
<div
  class="flex h-screen flex-col"
  data-testid="accounts"
>
  <div
    class="css-18bes35"
  >
    <div
      class="css-1ja375h"
    >
      <div
        role="presentation"
      >
        <button
          class="_mizu194a _1ah31bk5 _ra3xnqa1 _128m1bk5 _1cvmnqa1 _4davt94y _19itglyw _vchhusvi _r06hglyw _80omtlke _2rko1rr0 _11c82smr _v5649dqc _189eidpf _1rjc12x7 _1e0c116y _1bsbviql _p12f1osq _kqswh2mm _4cvr1q9y _1bah1h6o _gy1p1b66 _1o9zidpf _4t3iviql _k48p1wq8 _y4tize3t _bozgze3t _y3gn1h6o _s7n4nkob _14mj1kw7 _9v7aze3t _1tv3nqa1 _39yqe4h9 _11fnglyw _18postnw _bfhkqtfy _syaz10s3 _105310s3 _f8pj10s3 _30l310s3 _9h8h10s3 _irr34mfv _1di619qy _4bfu1r31 _1hmsglyw _ajmmnqa1 _1a3b1r31 _4fprglyw _5goinqa1 _9oik1r31 _1bnxglyw _jf4cnqa1 _1nrm1r31 _c2waglyw _1iohnqa1"
          data-testid="header-nav-back"
          style="--_1203r2w: calc(0px - var(--ds-border-width-outline, 2px));"
          type="button"
        >
          <span
            class="_v564g17y _1e0c1txw _16jlidpf _1o9zidpf _1wpz1h6o _1wybidpf _vwz4idpf _uiztglyw"
          >
            <span
              aria-hidden="true"
              class="_1e0c1o8l _vchhusvi _1o9zidpf _vwz4kb7n _y4ti1igz _bozg1mb9 _12va1onz _jcxd1r8n"
              style="color: currentcolor;"
            >
              <svg
                class="_1reo15vq _18m915vq _syaz1r31 _lcxvglyw _s7n4yfq0 _vc881r31 _1bsbpxbi _4t3ipxbi"
                fill="none"
                role="presentation"
                viewBox="0 0 16 16"
              >
                <path
                  clip-rule="evenodd"
                  d="m1.22 7.47 5-5 1.06 1.06-3.72 3.72H15v1.5H3.56l3.72 3.72-1.06 1.06-5-5a.75.75 0 0 1 0-1.06"
                  fill="currentcolor"
                  fill-rule="evenodd"
                />
              </svg>
            </span>
            <span
              class="_ca0qidpf _u5f3idpf _n3tdidpf _19bvidpf _19itidpf _1reo15vq _18m915vq _1bsbt94y _4t3it94y _kqswstnw _ogto7mnp _uiztglyw _o5721q9c"
            >
              Go Back
            </span>
          </span>
        </button>
      </div>
      <h3
        class="_1mouidpf _1dyz4jg8 _1p1dglyw _11c8lodh _syaz1fxt"
      >
        Accounts
      </h3>
    </div>
  </div>
  <div
    class="grow overflow-x-auto"
  >
    <div
      class="css-2yrksc"
    >
      <div
        class="css-1ja375h"
      >
        <div
          role="presentation"
        >
          <button
            aria-label="Open account profile"
            class="_2rkofajl _12ji1r31 _1qu2glyw _12y31o36 _4bfu1r31 _1hmsglyw _ajmmnqa1 _1h6d1j28 _1dqonqa1 _189e1bk5 _1e0c1txw _vchhusvi _1bsb1osq _4cvr1h6o _bfhk1g13 _syaz1kw7 _1wyb1kw7 _zg8l4jg8 _k48pi7a9 _vwz4kb7n _6rthze3t _1pfhze3t _12l2ze3t _ahbqze3t _85i51b66 _1q511b66 _y4ti1b66 _bozg1b66 _y3gn1e5h _nt751r31 _49pcglyw _1hvw1o36 _858u194a _9oik1r31 _1bnxglyw _jf4cnqa1 _irr314ae _d0altlke _1di61l7b"
            data-testid="account-profile--itemInner"
            style="--avatar-item-bg-color: transparent;"
            type="button"
          >
            <div
              aria-labelledby="uid4"
              class="_12ji1r31 _1qu2glyw _12y3idpf _1e0c1o8l _kqswh2mm"
              role="img"
            >
              <span
                class="_vchh1ntv _bfhkcxp3 _16qs1nhn _19itglyw _12ji1r31 _1qu2glyw _12y31o36 _1reo15vq _18m915vq _v564ieh6 _1e0c1txw _kqswpfqs _4cvr1fhb _1bah1h6o _2lx21bp4 _80om1kw7 _6rthv77o _1pfhv77o _12l2v77o _ahbqv77o _85i5ze3t _1q51ze3t _y4tize3t _bozgze3t _t9ec1aqe _9v7aze3t _qc5o1p41 _z0ai1osq _18postnw _1hfk1j28 _aetrf705 _1peqidpf _11fnglyw _1ejjglyw _mizu194a _1ah3v77o _ra3xnqa1 _128m1bk5 _4dave4h9 _2rko1qll _14mj1qll _1bsbzwfg _4t3izwfg"
                style="--avatar-bg-color: white; --avatar-box-shadow: 0 0 0 2px white;"
              >
                <img
                  alt=""
                  aria-hidden="true"
                  class="_16jlkb7n _1o9zkb7n _i0dl1osq _1e0c1txw _1bsb1osq _4t3i1osq _2rko1rr0"
                  data-ssr-placeholder-ignored="true"
                  data-vc="avatar-image"
                  src="https://avatar.atlassify.io"
                />
              </span>
              <span
                hidden=""
                id="uid4"
              >
                Atlassify
              </span>
            </div>
            <div
              class="_16jlkb7n _1o9zkb7n _i0dl1osq _1ul9idpf _p12f1osq _vwz419ii _bozgu2gc"
            >
              <span
                class="_1e0c1ule _syaz1fxt _1reo15vq _1bto1l2s _o5721q9c"
              >
                Atlassify
              </span>
              <span
                class="_1e0c1ule _syaz131l _1wyb181o _1reo15vq _1bto1l2s _o5721q9c"
              >
                user@atlassify.io
              </span>
            </div>
          </button>
        </div>
        <div
          class="css-iay813"
        >
          <div
            role="presentation"
          >
            <button
              class="_mizu194a _1ah31bk5 _ra3xnqa1 _128m1bk5 _1cvmnqa1 _4davt94y _19itglyw _vchhusvi _r06hglyw _80omtlke _2rko1rr0 _11c82smr _v5649dqc _189eidpf _1rjc12x7 _1e0c116y _1bsbviql _p12f1osq _kqswh2mm _4cvr1q9y _1bah1h6o _gy1p1b66 _1o9zidpf _4t3iviql _k48p1wq8 _y4tize3t _bozgze3t _y3gn1h6o _s7n4nkob _14mj1kw7 _9v7aze3t _1tv3nqa1 _39yqe4h9 _11fnglyw _18postnw _bfhkqtfy _syaz10s3 _105310s3 _f8pj10s3 _30l310s3 _9h8h10s3 _irr34mfv _1di619qy _4bfu1r31 _1hmsglyw _ajmmnqa1 _1a3b1r31 _4fprglyw _5goinqa1 _9oik1r31 _1bnxglyw _jf4cnqa1 _1nrm1r31 _c2waglyw _1iohnqa1"
              data-testid="account-refresh"
              style="--_1203r2w: calc(0px - var(--ds-border-width-outline, 2px));"
              type="button"
            >
              <span
                class="_v564g17y _1e0c1txw _16jlidpf _1o9zidpf _1wpz1h6o _1wybidpf _vwz4idpf _uiztglyw"
              >
                <span
                  aria-hidden="true"
                  class="_1e0c1o8l _vchhusvi _1o9zidpf _vwz4kb7n _y4ti1igz _bozg1mb9 _12va1onz _jcxd1r8n"
                  style="color: currentcolor;"
                >
                  <svg
                    class="_1reo15vq _18m915vq _syaz1r31 _lcxvglyw _s7n4yfq0 _vc881r31 _1bsbpxbi _4t3ipxbi"
                    fill="none"
                    role="presentation"
                    viewBox="0 0 16 16"
                  >
                    <path
                      clip-rule="evenodd"
                      d="M2.5 3.67V1H1v5c0 .414.336.75.75.75H6.5v-1.5H3.236a5.5 5.5 0 1 1-.666 3.63l-1.48.24A7.002 7.002 0 0 0 15 8 7 7 0 0 0 2.5 3.67"
                      fill="currentcolor"
                      fill-rule="evenodd"
                    />
                  </svg>
                </span>
                <span
                  class="_ca0qidpf _u5f3idpf _n3tdidpf _19bvidpf _19itidpf _1reo15vq _18m915vq _1bsbt94y _4t3it94y _kqswstnw _ogto7mnp _uiztglyw _o5721q9c"
                >
                  Refresh user@atlassify.io
                </span>
              </span>
            </button>
          </div>
          <div
            role="presentation"
          >
            <button
              class="_mizu194a _1ah31bk5 _ra3xnqa1 _128m1bk5 _1cvmnqa1 _4davt94y _19itglyw _vchhusvi _r06hglyw _80omtlke _2rko1rr0 _11c82smr _v5649dqc _189eidpf _1rjc12x7 _1e0c116y _1bsbviql _p12f1osq _kqswh2mm _4cvr1q9y _1bah1h6o _gy1p1b66 _1o9zidpf _4t3iviql _k48p1wq8 _y4tize3t _bozgze3t _y3gn1h6o _s7n4nkob _14mj1kw7 _9v7aze3t _1tv3nqa1 _39yqe4h9 _11fnglyw _18postnw _bfhkqtfy _syaz10s3 _105310s3 _f8pj10s3 _30l310s3 _9h8h10s3 _irr34mfv _1di619qy _4bfu1r31 _1hmsglyw _ajmmnqa1 _1a3b1r31 _4fprglyw _5goinqa1 _9oik1r31 _1bnxglyw _jf4cnqa1 _1nrm1r31 _c2waglyw _1iohnqa1"
              data-testid="account-logout"
              style="--_1203r2w: calc(0px - var(--ds-border-width-outline, 2px));"
              type="button"
            >
              <span
                class="_v564g17y _1e0c1txw _16jlidpf _1o9zidpf _1wpz1h6o _1wybidpf _vwz4idpf _uiztglyw"
              >
                <span
                  aria-hidden="true"
                  class="_1e0c1o8l _vchhusvi _1o9zidpf _vwz4kb7n _y4ti1igz _bozg1mb9 _12va1onz _jcxd1r8n"
                  style="color: currentcolor;"
                >
                  <svg
                    class="_1reo15vq _18m915vq _syaz1r31 _lcxvglyw _s7n4yfq0 _vc881r31 _1bsbpxbi _4t3ipxbi"
                    fill="none"
                    role="presentation"
                    viewBox="0 0 16 16"
                  >
                    <path
                      clip-rule="evenodd"
                      d="M3 2.5h5V1H3a2 2 0 0 0-2 2v10a2 2 0 0 0 2 2h5v-1.5H3a.5.5 0 0 1-.5-.5V3a.5.5 0 0 1 .5-.5m11.78 4.97-3.5-3.5-1.06 1.06 2.22 2.22H6v1.5h6.44l-2.22 2.22 1.06 1.06 3.5-3.5a.75.75 0 0 0 0-1.06"
                      fill="currentcolor"
                      fill-rule="evenodd"
                    />
                  </svg>
                </span>
                <span
                  class="_ca0qidpf _u5f3idpf _n3tdidpf _19bvidpf _19itidpf _1reo15vq _18m915vq _1bsbt94y _4t3it94y _kqswstnw _ogto7mnp _uiztglyw _o5721q9c"
                >
                  Logout user@atlassify.io
                </span>
              </span>
            </button>
          </div>
        </div>
      </div>
    </div>
  </div>
  <div
    class="css-156yo0n"
  >
    <div
      class="css-11bvkc9"
    >
      <div
        role="presentation"
      >
        <button
          class="_mizu194a _1ah31bk5 _ra3xnqa1 _128m1bk5 _1cvmnqa1 _4davt94y _19itglyw _vchhusvi _r06hglyw _80omtlke _2rko1rr0 _11c82smr _v5649dqc _189eidpf _1rjc12x7 _1e0c116y _1bsbviql _p12f1osq _kqswh2mm _4cvr1q9y _1bah1h6o _gy1p1b66 _1o9zidpf _4t3iviql _k48p1wq8 _y4tize3t _bozgze3t _y3gn1h6o _s7n4nkob _14mj1kw7 _9v7aze3t _1tv3nqa1 _39yqe4h9 _11fnglyw _18postnw _bfhkqtfy _syaz10s3 _105310s3 _f8pj10s3 _30l310s3 _9h8h10s3 _irr34mfv _1di619qy _4bfu1r31 _1hmsglyw _ajmmnqa1 _1a3b1r31 _4fprglyw _5goinqa1 _9oik1r31 _1bnxglyw _jf4cnqa1 _1nrm1r31 _c2waglyw _1iohnqa1"
          data-testid="account-add-new"
          style="--_1203r2w: calc(0px - var(--ds-border-width-outline, 2px));"
          type="button"
        >
          <span
            class="_v564g17y _1e0c1txw _16jlidpf _1o9zidpf _1wpz1h6o _1wybidpf _vwz4idpf _uiztglyw"
          >
            <span
              aria-hidden="true"
              class="_1e0c1o8l _vchhusvi _1o9zidpf _vwz4kb7n _y4ti1igz _bozg1mb9 _12va1onz _jcxd1r8n"
              style="color: currentcolor;"
            >
              <svg
                class="_1reo15vq _18m915vq _syaz1r31 _lcxvglyw _s7n4yfq0 _vc881r31 _1bsbpxbi _4t3ipxbi"
                fill="none"
                role="presentation"
                viewBox="0 0 16 16"
              >
                <path
                  clip-rule="evenodd"
                  d="M5 1.5a2.5 2.5 0 1 0 0 5 2.5 2.5 0 0 0 0-5M1 4a4 4 0 1 1 8 0 4 4 0 0 1-8 0m11.25 4.75V11h1.5V8.75H16v-1.5h-2.25V5h-1.5v2.25H10v1.5zm-8.5 1.75a2.25 2.25 0 0 0-2.25 2.25V15H0v-2.25A3.75 3.75 0 0 1 3.75 9h2.5A3.75 3.75 0 0 1 10 12.75V15H8.5v-2.25a2.25 2.25 0 0 0-2.25-2.25z"
                  fill="currentcolor"
                  fill-rule="evenodd"
                />
              </svg>
            </span>
            <span
              class="_ca0qidpf _u5f3idpf _n3tdidpf _19bvidpf _19itidpf _1reo15vq _18m915vq _1bsbt94y _4t3it94y _kqswstnw _ogto7mnp _uiztglyw _o5721q9c"
            >
              Add new account
            </span>
          </span>
        </button>
      </div>
    </div>
  </div>
</div>
`;
